[0.456s] Invoking command in '/home/darkmagician0901/sim_ws/src/f1tenth_gym_ros': PYTHONPATH=/home/darkmagician0901/sim_ws/build/f1tenth_gym_ros/prefix_override:/usr/lib/python3/dist-packages/colcon_core/task/python/colcon_distutils_commands:/home/darkmagician0901/sim_ws/install/f1tenth_gym_ros/lib/python3.10/site-packages:${PYTHONPATH} /usr/bin/python3 -W ignore:setup.py install is deprecated -W ignore:easy_install command is deprecated setup.py egg_info --egg-base ../../build/f1tenth_gym_ros build --build-base /home/darkmagician0901/sim_ws/build/f1tenth_gym_ros/build install --record /home/darkmagician0901/sim_ws/build/f1tenth_gym_ros/install.log --install-scripts $base/lib/f1tenth_gym_ros --single-version-externally-managed install_data
[0.602s] running egg_info
[0.603s] writing ../../build/f1tenth_gym_ros/f1tenth_gym_ros.egg-info/PKG-INFO
[0.603s] writing dependency_links to ../../build/f1tenth_gym_ros/f1tenth_gym_ros.egg-info/dependency_links.txt
[0.603s] writing entry points to ../../build/f1tenth_gym_ros/f1tenth_gym_ros.egg-info/entry_points.txt
[0.603s] writing requirements to ../../build/f1tenth_gym_ros/f1tenth_gym_ros.egg-info/requires.txt
[0.603s] writing top-level names to ../../build/f1tenth_gym_ros/f1tenth_gym_ros.egg-info/top_level.txt
[0.606s] reading manifest file '../../build/f1tenth_gym_ros/f1tenth_gym_ros.egg-info/SOURCES.txt'
[0.606s] adding license file 'LICENSE'
[0.607s] writing manifest file '../../build/f1tenth_gym_ros/f1tenth_gym_ros.egg-info/SOURCES.txt'
[0.607s] running build
[0.607s] running build_py
[0.607s] running install
[0.607s] running install_lib
[0.608s] running install_data
[0.609s] running install_egg_info
[0.610s] removing '/home/darkmagician0901/sim_ws/install/f1tenth_gym_ros/lib/python3.10/site-packages/f1tenth_gym_ros-0.0.0-py3.10.egg-info' (and everything under it)
[0.610s] Copying ../../build/f1tenth_gym_ros/f1tenth_gym_ros.egg-info to /home/darkmagician0901/sim_ws/install/f1tenth_gym_ros/lib/python3.10/site-packages/f1tenth_gym_ros-0.0.0-py3.10.egg-info
[0.611s] running install_scripts
[0.624s] Installing gym_bridge script to /home/darkmagician0901/sim_ws/install/f1tenth_gym_ros/lib/f1tenth_gym_ros
[0.624s] writing list of installed files to '/home/darkmagician0901/sim_ws/build/f1tenth_gym_ros/install.log'
[0.637s] Invoked command in '/home/darkmagician0901/sim_ws/src/f1tenth_gym_ros' returned '0': PYTHONPATH=/home/darkmagician0901/sim_ws/build/f1tenth_gym_ros/prefix_override:/usr/lib/python3/dist-packages/colcon_core/task/python/colcon_distutils_commands:/home/darkmagician0901/sim_ws/install/f1tenth_gym_ros/lib/python3.10/site-packages:${PYTHONPATH} /usr/bin/python3 -W ignore:setup.py install is deprecated -W ignore:easy_install command is deprecated setup.py egg_info --egg-base ../../build/f1tenth_gym_ros build --build-base /home/darkmagician0901/sim_ws/build/f1tenth_gym_ros/build install --record /home/darkmagician0901/sim_ws/build/f1tenth_gym_ros/install.log --install-scripts $base/lib/f1tenth_gym_ros --single-version-externally-managed install_data
