[0.870s] Invoking command in '/home/darkmagician0901/sim_ws/build/safety': PYTHONPATH=/home/darkmagician0901/sim_ws/build/safety/prefix_override:/usr/lib/python3/dist-packages/colcon_core/task/python/colcon_distutils_commands:/home/darkmagician0901/sim_ws/install/safety/lib/python3.10/site-packages:${PYTHONPATH} /usr/bin/python3 -W ignore:setup.py install is deprecated -W ignore:easy_install command is deprecated setup.py develop --editable --build-directory /home/darkmagician0901/sim_ws/build/safety/build --no-deps symlink_data
[1.085s] running develop
[1.213s] running egg_info
[1.213s] creating safety.egg-info
[1.213s] writing safety.egg-info/PKG-INFO
[1.214s] writing dependency_links to safety.egg-info/dependency_links.txt
[1.214s] writing entry points to safety.egg-info/entry_points.txt
[1.214s] writing requirements to safety.egg-info/requires.txt
[1.214s] writing top-level names to safety.egg-info/top_level.txt
[1.214s] writing manifest file 'safety.egg-info/SOURCES.txt'
[1.215s] reading manifest file 'safety.egg-info/SOURCES.txt'
[1.216s] writing manifest file 'safety.egg-info/SOURCES.txt'
[1.217s] running build_ext
[1.218s] Creating /home/darkmagician0901/sim_ws/install/safety/lib/python3.10/site-packages/safety.egg-link (link to .)
[1.218s] Installing safety_node script to /home/darkmagician0901/sim_ws/install/safety/lib/safety
[1.219s] 
[1.219s] Installed /home/darkmagician0901/sim_ws/build/safety
[1.219s] running symlink_data
[1.219s] creating /home/darkmagician0901/sim_ws/install/safety/share/ament_index
[1.219s] creating /home/darkmagician0901/sim_ws/install/safety/share/ament_index/resource_index
[1.219s] creating /home/darkmagician0901/sim_ws/install/safety/share/ament_index/resource_index/packages
[1.219s] symbolically linking /home/darkmagician0901/sim_ws/build/safety/resource/safety -> /home/darkmagician0901/sim_ws/install/safety/share/ament_index/resource_index/packages
[1.219s] symbolically linking /home/darkmagician0901/sim_ws/build/safety/package.xml -> /home/darkmagician0901/sim_ws/install/safety/share/safety
[1.241s] Invoked command in '/home/darkmagician0901/sim_ws/build/safety' returned '0': PYTHONPATH=/home/darkmagician0901/sim_ws/build/safety/prefix_override:/usr/lib/python3/dist-packages/colcon_core/task/python/colcon_distutils_commands:/home/darkmagician0901/sim_ws/install/safety/lib/python3.10/site-packages:${PYTHONPATH} /usr/bin/python3 -W ignore:setup.py install is deprecated -W ignore:easy_install command is deprecated setup.py develop --editable --build-directory /home/darkmagician0901/sim_ws/build/safety/build --no-deps symlink_data
