running develop
Removing /home/darkmagician0901/sim_ws/install/f1tenth_gym_ros/lib/python3.10/site-packages/f1tenth-gym-ros.egg-link (link to .)
running egg_info
writing ../../build/f1tenth_gym_ros/f1tenth_gym_ros.egg-info/PKG-INFO
writing dependency_links to ../../build/f1tenth_gym_ros/f1tenth_gym_ros.egg-info/dependency_links.txt
writing entry points to ../../build/f1tenth_gym_ros/f1tenth_gym_ros.egg-info/entry_points.txt
writing requirements to ../../build/f1tenth_gym_ros/f1tenth_gym_ros.egg-info/requires.txt
writing top-level names to ../../build/f1tenth_gym_ros/f1tenth_gym_ros.egg-info/top_level.txt
reading manifest file '../../build/f1tenth_gym_ros/f1tenth_gym_ros.egg-info/SOURCES.txt'
adding license file 'LICENSE'
writing manifest file '../../build/f1tenth_gym_ros/f1tenth_gym_ros.egg-info/SOURCES.txt'
running build
running build_py
running install
running install_lib
creating /home/darkmagician0901/sim_ws/install/f1tenth_gym_ros/lib/python3.10/site-packages/f1tenth_gym_ros
copying /home/darkmagician0901/sim_ws/build/f1tenth_gym_ros/build/lib/f1tenth_gym_ros/__init__.py -> /home/darkmagician0901/sim_ws/install/f1tenth_gym_ros/lib/python3.10/site-packages/f1tenth_gym_ros
copying /home/darkmagician0901/sim_ws/build/f1tenth_gym_ros/build/lib/f1tenth_gym_ros/gym_bridge.py -> /home/darkmagician0901/sim_ws/install/f1tenth_gym_ros/lib/python3.10/site-packages/f1tenth_gym_ros
byte-compiling /home/darkmagician0901/sim_ws/install/f1tenth_gym_ros/lib/python3.10/site-packages/f1tenth_gym_ros/__init__.py to __init__.cpython-310.pyc
byte-compiling /home/darkmagician0901/sim_ws/install/f1tenth_gym_ros/lib/python3.10/site-packages/f1tenth_gym_ros/gym_bridge.py to gym_bridge.cpython-310.pyc
running install_data
copying resource/f1tenth_gym_ros -> /home/darkmagician0901/sim_ws/install/f1tenth_gym_ros/share/ament_index/resource_index/packages
copying package.xml -> /home/darkmagician0901/sim_ws/install/f1tenth_gym_ros/share/f1tenth_gym_ros
copying launch/gym_bridge_launch.py -> /home/darkmagician0901/sim_ws/install/f1tenth_gym_ros/share/f1tenth_gym_ros/launch
copying launch/slam/f1tenth_gym_online_async.yaml -> /home/darkmagician0901/sim_ws/install/f1tenth_gym_ros/share/f1tenth_gym_ros/launch/slam
copying urdf/ego_racecar.xacro -> /home/darkmagician0901/sim_ws/install/f1tenth_gym_ros/share/f1tenth_gym_ros/urdf
copying urdf/ego_racecar_f1fifth.xacro -> /home/darkmagician0901/sim_ws/install/f1tenth_gym_ros/share/f1tenth_gym_ros/urdf
copying urdf/opp_racecar.xacro -> /home/darkmagician0901/sim_ws/install/f1tenth_gym_ros/share/f1tenth_gym_ros/urdf
copying urdf/ego_racecar_fullscale.xacro -> /home/darkmagician0901/sim_ws/install/f1tenth_gym_ros/share/f1tenth_gym_ros/urdf
copying urdf/racecar_mesh.xacro -> /home/darkmagician0901/sim_ws/install/f1tenth_gym_ros/share/f1tenth_gym_ros/urdf
copying meshes/roboracer_accent.stl -> /home/darkmagician0901/sim_ws/install/f1tenth_gym_ros/share/f1tenth_gym_ros/meshes
copying meshes/roboracer_wheel_rear_left.glb -> /home/darkmagician0901/sim_ws/install/f1tenth_gym_ros/share/f1tenth_gym_ros/meshes
copying meshes/roboracer_lidar.glb -> /home/darkmagician0901/sim_ws/install/f1tenth_gym_ros/share/f1tenth_gym_ros/meshes
copying meshes/roboracer_wheel_front_right.glb -> /home/darkmagician0901/sim_ws/install/f1tenth_gym_ros/share/f1tenth_gym_ros/meshes
copying meshes/roboracer_chassis.glb -> /home/darkmagician0901/sim_ws/install/f1tenth_gym_ros/share/f1tenth_gym_ros/meshes
copying meshes/roboracer_wheel_front_left.glb -> /home/darkmagician0901/sim_ws/install/f1tenth_gym_ros/share/f1tenth_gym_ros/meshes
copying meshes/roboracer_wheel_rear_right.glb -> /home/darkmagician0901/sim_ws/install/f1tenth_gym_ros/share/f1tenth_gym_ros/meshes
copying config/sim.yaml -> /home/darkmagician0901/sim_ws/install/f1tenth_gym_ros/share/f1tenth_gym_ros/config
copying config/rviz/gym_bridge.rviz -> /home/darkmagician0901/sim_ws/install/f1tenth_gym_ros/share/f1tenth_gym_ros/config/rviz
copying config/foxglove/gym_bridge_foxglove.json -> /home/darkmagician0901/sim_ws/install/f1tenth_gym_ros/share/f1tenth_gym_ros/config/foxglove
copying maps/levine_blocked.yaml -> /home/darkmagician0901/sim_ws/install/f1tenth_gym_ros/share/f1tenth_gym_ros/maps
copying maps/Spielberg.yaml -> /home/darkmagician0901/sim_ws/install/f1tenth_gym_ros/share/f1tenth_gym_ros/maps
copying maps/levine_obs.png -> /home/darkmagician0901/sim_ws/install/f1tenth_gym_ros/share/f1tenth_gym_ros/maps
copying maps/levine_obs.yaml -> /home/darkmagician0901/sim_ws/install/f1tenth_gym_ros/share/f1tenth_gym_ros/maps
copying maps/blank.png -> /home/darkmagician0901/sim_ws/install/f1tenth_gym_ros/share/f1tenth_gym_ros/maps
copying maps/levine_blocked.png -> /home/darkmagician0901/sim_ws/install/f1tenth_gym_ros/share/f1tenth_gym_ros/maps
copying maps/blank.yaml -> /home/darkmagician0901/sim_ws/install/f1tenth_gym_ros/share/f1tenth_gym_ros/maps
copying maps/levine.yaml -> /home/darkmagician0901/sim_ws/install/f1tenth_gym_ros/share/f1tenth_gym_ros/maps
copying maps/Spielberg.png -> /home/darkmagician0901/sim_ws/install/f1tenth_gym_ros/share/f1tenth_gym_ros/maps
copying maps/levine.png -> /home/darkmagician0901/sim_ws/install/f1tenth_gym_ros/share/f1tenth_gym_ros/maps
running install_egg_info
Copying ../../build/f1tenth_gym_ros/f1tenth_gym_ros.egg-info to /home/darkmagician0901/sim_ws/install/f1tenth_gym_ros/lib/python3.10/site-packages/f1tenth_gym_ros-0.0.0-py3.10.egg-info
running install_scripts
Installing gym_bridge script to /home/darkmagician0901/sim_ws/install/f1tenth_gym_ros/lib/f1tenth_gym_ros
writing list of installed files to '/home/darkmagician0901/sim_ws/build/f1tenth_gym_ros/install.log'
