[0.758s] Invoking command in '/home/darkmagician0901/sim_ws/build/f1tenth_gym_ros': PYTHONPATH=/home/darkmagician0901/sim_ws/build/f1tenth_gym_ros/prefix_override:/usr/lib/python3/dist-packages/colcon_core/task/python/colcon_distutils_commands:/home/darkmagician0901/sim_ws/install/f1tenth_gym_ros/lib/python3.10/site-packages:${PYTHONPATH} /usr/bin/python3 -W ignore:setup.py install is deprecated -W ignore:easy_install command is deprecated setup.py develop --uninstall --editable --build-directory /home/darkmagician0901/sim_ws/build/f1tenth_gym_ros/build
[0.966s] running develop
[1.102s] Removing /home/darkmagician0901/sim_ws/install/f1tenth_gym_ros/lib/python3.10/site-packages/f1tenth-gym-ros.egg-link (link to .)
[1.123s] Invoked command in '/home/darkmagician0901/sim_ws/build/f1tenth_gym_ros' returned '0': PYTHONPATH=/home/darkmagician0901/sim_ws/build/f1tenth_gym_ros/prefix_override:/usr/lib/python3/dist-packages/colcon_core/task/python/colcon_distutils_commands:/home/darkmagician0901/sim_ws/install/f1tenth_gym_ros/lib/python3.10/site-packages:${PYTHONPATH} /usr/bin/python3 -W ignore:setup.py install is deprecated -W ignore:easy_install command is deprecated setup.py develop --uninstall --editable --build-directory /home/darkmagician0901/sim_ws/build/f1tenth_gym_ros/build
[1.125s] Invoking command in '/home/darkmagician0901/sim_ws/src/f1tenth_gym_ros': PYTHONPATH=/home/darkmagician0901/sim_ws/build/f1tenth_gym_ros/prefix_override:/usr/lib/python3/dist-packages/colcon_core/task/python/colcon_distutils_commands:/home/darkmagician0901/sim_ws/install/f1tenth_gym_ros/lib/python3.10/site-packages:${PYTHONPATH} /usr/bin/python3 -W ignore:setup.py install is deprecated -W ignore:easy_install command is deprecated setup.py egg_info --egg-base ../../build/f1tenth_gym_ros build --build-base /home/darkmagician0901/sim_ws/build/f1tenth_gym_ros/build install --record /home/darkmagician0901/sim_ws/build/f1tenth_gym_ros/install.log --install-scripts $base/lib/f1tenth_gym_ros --single-version-externally-managed install_data --force
[1.345s] running egg_info
[1.346s] writing ../../build/f1tenth_gym_ros/f1tenth_gym_ros.egg-info/PKG-INFO
[1.346s] writing dependency_links to ../../build/f1tenth_gym_ros/f1tenth_gym_ros.egg-info/dependency_links.txt
[1.346s] writing entry points to ../../build/f1tenth_gym_ros/f1tenth_gym_ros.egg-info/entry_points.txt
[1.346s] writing requirements to ../../build/f1tenth_gym_ros/f1tenth_gym_ros.egg-info/requires.txt
[1.347s] writing top-level names to ../../build/f1tenth_gym_ros/f1tenth_gym_ros.egg-info/top_level.txt
[1.349s] reading manifest file '../../build/f1tenth_gym_ros/f1tenth_gym_ros.egg-info/SOURCES.txt'
[1.349s] adding license file 'LICENSE'
[1.350s] writing manifest file '../../build/f1tenth_gym_ros/f1tenth_gym_ros.egg-info/SOURCES.txt'
[1.350s] running build
[1.350s] running build_py
[1.350s] running install
[1.351s] running install_lib
[1.354s] creating /home/darkmagician0901/sim_ws/install/f1tenth_gym_ros/lib/python3.10/site-packages/f1tenth_gym_ros
[1.354s] copying /home/darkmagician0901/sim_ws/build/f1tenth_gym_ros/build/lib/f1tenth_gym_ros/__init__.py -> /home/darkmagician0901/sim_ws/install/f1tenth_gym_ros/lib/python3.10/site-packages/f1tenth_gym_ros
[1.354s] copying /home/darkmagician0901/sim_ws/build/f1tenth_gym_ros/build/lib/f1tenth_gym_ros/gym_bridge.py -> /home/darkmagician0901/sim_ws/install/f1tenth_gym_ros/lib/python3.10/site-packages/f1tenth_gym_ros
[1.357s] byte-compiling /home/darkmagician0901/sim_ws/install/f1tenth_gym_ros/lib/python3.10/site-packages/f1tenth_gym_ros/__init__.py to __init__.cpython-310.pyc
[1.357s] byte-compiling /home/darkmagician0901/sim_ws/install/f1tenth_gym_ros/lib/python3.10/site-packages/f1tenth_gym_ros/gym_bridge.py to gym_bridge.cpython-310.pyc
[1.362s] running install_data
[1.362s] copying resource/f1tenth_gym_ros -> /home/darkmagician0901/sim_ws/install/f1tenth_gym_ros/share/ament_index/resource_index/packages
[1.362s] copying package.xml -> /home/darkmagician0901/sim_ws/install/f1tenth_gym_ros/share/f1tenth_gym_ros
[1.362s] copying launch/gym_bridge_launch.py -> /home/darkmagician0901/sim_ws/install/f1tenth_gym_ros/share/f1tenth_gym_ros/launch
[1.363s] copying launch/slam/f1tenth_gym_online_async.yaml -> /home/darkmagician0901/sim_ws/install/f1tenth_gym_ros/share/f1tenth_gym_ros/launch/slam
[1.363s] copying urdf/ego_racecar.xacro -> /home/darkmagician0901/sim_ws/install/f1tenth_gym_ros/share/f1tenth_gym_ros/urdf
[1.363s] copying urdf/ego_racecar_f1fifth.xacro -> /home/darkmagician0901/sim_ws/install/f1tenth_gym_ros/share/f1tenth_gym_ros/urdf
[1.363s] copying urdf/opp_racecar.xacro -> /home/darkmagician0901/sim_ws/install/f1tenth_gym_ros/share/f1tenth_gym_ros/urdf
[1.363s] copying urdf/ego_racecar_fullscale.xacro -> /home/darkmagician0901/sim_ws/install/f1tenth_gym_ros/share/f1tenth_gym_ros/urdf
[1.363s] copying urdf/racecar_mesh.xacro -> /home/darkmagician0901/sim_ws/install/f1tenth_gym_ros/share/f1tenth_gym_ros/urdf
[1.363s] copying meshes/roboracer_accent.stl -> /home/darkmagician0901/sim_ws/install/f1tenth_gym_ros/share/f1tenth_gym_ros/meshes
[1.363s] copying meshes/roboracer_wheel_rear_left.glb -> /home/darkmagician0901/sim_ws/install/f1tenth_gym_ros/share/f1tenth_gym_ros/meshes
[1.364s] copying meshes/roboracer_lidar.glb -> /home/darkmagician0901/sim_ws/install/f1tenth_gym_ros/share/f1tenth_gym_ros/meshes
[1.364s] copying meshes/roboracer_wheel_front_right.glb -> /home/darkmagician0901/sim_ws/install/f1tenth_gym_ros/share/f1tenth_gym_ros/meshes
[1.364s] copying meshes/roboracer_chassis.glb -> /home/darkmagician0901/sim_ws/install/f1tenth_gym_ros/share/f1tenth_gym_ros/meshes
[1.365s] copying meshes/roboracer_wheel_front_left.glb -> /home/darkmagician0901/sim_ws/install/f1tenth_gym_ros/share/f1tenth_gym_ros/meshes
[1.365s] copying meshes/roboracer_wheel_rear_right.glb -> /home/darkmagician0901/sim_ws/install/f1tenth_gym_ros/share/f1tenth_gym_ros/meshes
[1.366s] copying config/sim.yaml -> /home/darkmagician0901/sim_ws/install/f1tenth_gym_ros/share/f1tenth_gym_ros/config
[1.366s] copying config/rviz/gym_bridge.rviz -> /home/darkmagician0901/sim_ws/install/f1tenth_gym_ros/share/f1tenth_gym_ros/config/rviz
[1.366s] copying config/foxglove/gym_bridge_foxglove.json -> /home/darkmagician0901/sim_ws/install/f1tenth_gym_ros/share/f1tenth_gym_ros/config/foxglove
[1.366s] copying maps/levine_blocked.yaml -> /home/darkmagician0901/sim_ws/install/f1tenth_gym_ros/share/f1tenth_gym_ros/maps
[1.366s] copying maps/Spielberg.yaml -> /home/darkmagician0901/sim_ws/install/f1tenth_gym_ros/share/f1tenth_gym_ros/maps
[1.366s] copying maps/levine_obs.png -> /home/darkmagician0901/sim_ws/install/f1tenth_gym_ros/share/f1tenth_gym_ros/maps
[1.366s] copying maps/levine_obs.yaml -> /home/darkmagician0901/sim_ws/install/f1tenth_gym_ros/share/f1tenth_gym_ros/maps
[1.366s] copying maps/blank.png -> /home/darkmagician0901/sim_ws/install/f1tenth_gym_ros/share/f1tenth_gym_ros/maps
[1.366s] copying maps/levine_blocked.png -> /home/darkmagician0901/sim_ws/install/f1tenth_gym_ros/share/f1tenth_gym_ros/maps
[1.367s] copying maps/blank.yaml -> /home/darkmagician0901/sim_ws/install/f1tenth_gym_ros/share/f1tenth_gym_ros/maps
[1.367s] copying maps/levine.yaml -> /home/darkmagician0901/sim_ws/install/f1tenth_gym_ros/share/f1tenth_gym_ros/maps
[1.367s] copying maps/Spielberg.png -> /home/darkmagician0901/sim_ws/install/f1tenth_gym_ros/share/f1tenth_gym_ros/maps
[1.369s] copying maps/levine.png -> /home/darkmagician0901/sim_ws/install/f1tenth_gym_ros/share/f1tenth_gym_ros/maps
[1.369s] running install_egg_info
[1.369s] Copying ../../build/f1tenth_gym_ros/f1tenth_gym_ros.egg-info to /home/darkmagician0901/sim_ws/install/f1tenth_gym_ros/lib/python3.10/site-packages/f1tenth_gym_ros-0.0.0-py3.10.egg-info
[1.371s] running install_scripts
[1.388s] Installing gym_bridge script to /home/darkmagician0901/sim_ws/install/f1tenth_gym_ros/lib/f1tenth_gym_ros
[1.389s] writing list of installed files to '/home/darkmagician0901/sim_ws/build/f1tenth_gym_ros/install.log'
[1.411s] Invoked command in '/home/darkmagician0901/sim_ws/src/f1tenth_gym_ros' returned '0': PYTHONPATH=/home/darkmagician0901/sim_ws/build/f1tenth_gym_ros/prefix_override:/usr/lib/python3/dist-packages/colcon_core/task/python/colcon_distutils_commands:/home/darkmagician0901/sim_ws/install/f1tenth_gym_ros/lib/python3.10/site-packages:${PYTHONPATH} /usr/bin/python3 -W ignore:setup.py install is deprecated -W ignore:easy_install command is deprecated setup.py egg_info --egg-base ../../build/f1tenth_gym_ros build --build-base /home/darkmagician0901/sim_ws/build/f1tenth_gym_ros/build install --record /home/darkmagician0901/sim_ws/build/f1tenth_gym_ros/install.log --install-scripts $base/lib/f1tenth_gym_ros --single-version-externally-managed install_data --force
