[2.160s] Invoking command in '/home/darkmagician0901/sim_ws/src/safety': PS1=(.venv) \[\e]0;\u@\h: \w\a\]${debian_chroot:+($debian_chroot)}\[\033[01;32m\]\u@\h\[\033[00m\]:\[\033[01;34m\]\w\[\033[00m\]\$ PYTHONPATH=/home/darkmagician0901/sim_ws/build/safety/prefix_override:/usr/lib/python3/dist-packages/colcon_core/task/python/colcon_distutils_commands:/home/darkmagician0901/sim_ws/install/safety/lib/python3.10/site-packages:${PYTHONPATH} VIRTUAL_ENV_PROMPT=(.venv) /usr/bin/python3 -W ignore:setup.py install is deprecated -W ignore:easy_install command is deprecated setup.py egg_info --egg-base ../../build/safety build --build-base /home/darkmagician0901/sim_ws/build/safety/build install --record /home/darkmagician0901/sim_ws/build/safety/install.log --install-scripts $base/lib/safety --single-version-externally-managed install_data
[2.575s] running egg_info
[2.576s] writing ../../build/safety/safety.egg-info/PKG-INFO
[2.576s] writing dependency_links to ../../build/safety/safety.egg-info/dependency_links.txt
[2.577s] writing entry points to ../../build/safety/safety.egg-info/entry_points.txt
[2.578s] writing requirements to ../../build/safety/safety.egg-info/requires.txt
[2.578s] writing top-level names to ../../build/safety/safety.egg-info/top_level.txt
[2.580s] reading manifest file '../../build/safety/safety.egg-info/SOURCES.txt'
[2.581s] writing manifest file '../../build/safety/safety.egg-info/SOURCES.txt'
[2.582s] running build
[2.582s] running build_py
[2.583s] running install
[2.584s] running install_lib
[2.586s] running install_data
[2.586s] running install_egg_info
[2.590s] removing '/home/darkmagician0901/sim_ws/install/safety/lib/python3.10/site-packages/safety-0.0.0-py3.10.egg-info' (and everything under it)
[2.590s] Copying ../../build/safety/safety.egg-info to /home/darkmagician0901/sim_ws/install/safety/lib/python3.10/site-packages/safety-0.0.0-py3.10.egg-info
[2.592s] running install_scripts
[2.622s] Installing safety_node script to /home/darkmagician0901/sim_ws/install/safety/lib/safety
[2.624s] writing list of installed files to '/home/darkmagician0901/sim_ws/build/safety/install.log'
[2.646s] Invoked command in '/home/darkmagician0901/sim_ws/src/safety' returned '0': PS1=(.venv) \[\e]0;\u@\h: \w\a\]${debian_chroot:+($debian_chroot)}\[\033[01;32m\]\u@\h\[\033[00m\]:\[\033[01;34m\]\w\[\033[00m\]\$ PYTHONPATH=/home/darkmagician0901/sim_ws/build/safety/prefix_override:/usr/lib/python3/dist-packages/colcon_core/task/python/colcon_distutils_commands:/home/darkmagician0901/sim_ws/install/safety/lib/python3.10/site-packages:${PYTHONPATH} VIRTUAL_ENV_PROMPT=(.venv) /usr/bin/python3 -W ignore:setup.py install is deprecated -W ignore:easy_install command is deprecated setup.py egg_info --egg-base ../../build/safety build --build-base /home/darkmagician0901/sim_ws/build/safety/build install --record /home/darkmagician0901/sim_ws/build/safety/install.log --install-scripts $base/lib/safety --single-version-externally-managed install_data
