[0.085s] DEBUG:colcon:Command line arguments: ['/usr/bin/colcon', 'build', '--symlink-install']
[0.085s] DEBUG:colcon:Parsed command line arguments: Namespace(log_base=None, log_level=None, verb_name='build', build_base='build', install_base='install', merge_install=False, symlink_install=True, test_result_base=None, continue_on_error=False, executor='parallel', parallel_workers=4, event_handlers=None, ignore_user_meta=False, metas=['./colcon.meta'], base_paths=['.'], packages_ignore=None, packages_ignore_regex=None, paths=None, packages_up_to=None, packages_up_to_regex=None, packages_above=None, packages_above_and_dependencies=None, packages_above_depth=None, packages_select_by_dep=None, packages_skip_by_dep=None, packages_skip_up_to=None, packages_select_build_failed=False, packages_skip_build_finished=False, packages_select_test_failures=False, packages_skip_test_passed=False, packages_select=None, packages_skip=None, packages_select_regex=None, packages_skip_regex=None, packages_start=None, packages_end=None, allow_overriding=[], cmake_args=None, cmake_target=None, cmake_target_skip_unavailable=False, cmake_clean_cache=False, cmake_clean_first=False, cmake_force_configure=False, ament_cmake_args=None, catkin_cmake_args=None, catkin_skip_building_tests=False, mixin_files=None, mixin=None, verb_parser=<colcon_mixin.mixin.mixin_argument.MixinArgumentDecorator object at 0x764aa4856aa0>, verb_extension=<colcon_core.verb.build.BuildVerb object at 0x764aa48565c0>, main=<bound method BuildVerb.main of <colcon_core.verb.build.BuildVerb object at 0x764aa48565c0>>, mixin_verb=('build',))
[0.200s] Level 1:colcon.colcon_core.package_discovery:discover_packages(colcon_meta) check parameters
[0.200s] Level 1:colcon.colcon_core.package_discovery:discover_packages(recursive) check parameters
[0.200s] Level 1:colcon.colcon_core.package_discovery:discover_packages(ignore) check parameters
[0.200s] Level 1:colcon.colcon_core.package_discovery:discover_packages(path) check parameters
[0.200s] Level 1:colcon.colcon_core.package_discovery:discover_packages(colcon_meta) discover
[0.200s] Level 1:colcon.colcon_core.package_discovery:discover_packages(recursive) discover
[0.200s] INFO:colcon.colcon_core.package_discovery:Crawling recursively for packages in '/home/darkmagician0901/sim_ws'
[0.200s] Level 1:colcon.colcon_core.package_identification:_identify(.) by extensions ['ignore', 'ignore_ament_install']
[0.200s] Level 1:colcon.colcon_core.package_identification:_identify(.) by extension 'ignore'
[0.200s] Level 1:colcon.colcon_core.package_identification:_identify(.) by extension 'ignore_ament_install'
[0.200s] Level 1:colcon.colcon_core.package_identification:_identify(.) by extensions ['colcon_pkg']
[0.200s] Level 1:colcon.colcon_core.package_identification:_identify(.) by extension 'colcon_pkg'
[0.200s] Level 1:colcon.colcon_core.package_identification:_identify(.) by extensions ['colcon_meta']
[0.200s] Level 1:colcon.colcon_core.package_identification:_identify(.) by extension 'colcon_meta'
[0.200s] Level 1:colcon.colcon_core.package_identification:_identify(.) by extensions ['ros']
[0.200s] Level 1:colcon.colcon_core.package_identification:_identify(.) by extension 'ros'
[0.207s] Level 1:colcon.colcon_core.package_identification:_identify(.) by extensions ['cmake', 'python']
[0.207s] Level 1:colcon.colcon_core.package_identification:_identify(.) by extension 'cmake'
[0.207s] Level 1:colcon.colcon_core.package_identification:_identify(.) by extension 'python'
[0.207s] Level 1:colcon.colcon_core.package_identification:_identify(.) by extensions ['python_setup_py']
[0.207s] Level 1:colcon.colcon_core.package_identification:_identify(.) by extension 'python_setup_py'
[0.209s] Level 1:colcon.colcon_core.package_identification:_identify(build) by extensions ['ignore', 'ignore_ament_install']
[0.209s] Level 1:colcon.colcon_core.package_identification:_identify(build) by extension 'ignore'
[0.209s] Level 1:colcon.colcon_core.package_identification:_identify(build) ignored
[0.210s] Level 1:colcon.colcon_core.package_identification:_identify(install) by extensions ['ignore', 'ignore_ament_install']
[0.210s] Level 1:colcon.colcon_core.package_identification:_identify(install) by extension 'ignore'
[0.210s] Level 1:colcon.colcon_core.package_identification:_identify(install) ignored
[0.210s] Level 1:colcon.colcon_core.package_identification:_identify(log) by extensions ['ignore', 'ignore_ament_install']
[0.210s] Level 1:colcon.colcon_core.package_identification:_identify(log) by extension 'ignore'
[0.210s] Level 1:colcon.colcon_core.package_identification:_identify(log) ignored
[0.210s] Level 1:colcon.colcon_core.package_identification:_identify(src) by extensions ['ignore', 'ignore_ament_install']
[0.210s] Level 1:colcon.colcon_core.package_identification:_identify(src) by extension 'ignore'
[0.210s] Level 1:colcon.colcon_core.package_identification:_identify(src) by extension 'ignore_ament_install'
[0.210s] Level 1:colcon.colcon_core.package_identification:_identify(src) by extensions ['colcon_pkg']
[0.210s] Level 1:colcon.colcon_core.package_identification:_identify(src) by extension 'colcon_pkg'
[0.210s] Level 1:colcon.colcon_core.package_identification:_identify(src) by extensions ['colcon_meta']
[0.210s] Level 1:colcon.colcon_core.package_identification:_identify(src) by extension 'colcon_meta'
[0.211s] Level 1:colcon.colcon_core.package_identification:_identify(src) by extensions ['ros']
[0.211s] Level 1:colcon.colcon_core.package_identification:_identify(src) by extension 'ros'
[0.211s] Level 1:colcon.colcon_core.package_identification:_identify(src) by extensions ['cmake', 'python']
[0.211s] Level 1:colcon.colcon_core.package_identification:_identify(src) by extension 'cmake'
[0.211s] Level 1:colcon.colcon_core.package_identification:_identify(src) by extension 'python'
[0.211s] Level 1:colcon.colcon_core.package_identification:_identify(src) by extensions ['python_setup_py']
[0.211s] Level 1:colcon.colcon_core.package_identification:_identify(src) by extension 'python_setup_py'
[0.211s] Level 1:colcon.colcon_core.package_identification:_identify(src/f1tenth_gym_ros) by extensions ['ignore', 'ignore_ament_install']
[0.211s] Level 1:colcon.colcon_core.package_identification:_identify(src/f1tenth_gym_ros) by extension 'ignore'
[0.211s] Level 1:colcon.colcon_core.package_identification:_identify(src/f1tenth_gym_ros) by extension 'ignore_ament_install'
[0.211s] Level 1:colcon.colcon_core.package_identification:_identify(src/f1tenth_gym_ros) by extensions ['colcon_pkg']
[0.211s] Level 1:colcon.colcon_core.package_identification:_identify(src/f1tenth_gym_ros) by extension 'colcon_pkg'
[0.211s] Level 1:colcon.colcon_core.package_identification:_identify(src/f1tenth_gym_ros) by extensions ['colcon_meta']
[0.211s] Level 1:colcon.colcon_core.package_identification:_identify(src/f1tenth_gym_ros) by extension 'colcon_meta'
[0.211s] Level 1:colcon.colcon_core.package_identification:_identify(src/f1tenth_gym_ros) by extensions ['ros']
[0.211s] Level 1:colcon.colcon_core.package_identification:_identify(src/f1tenth_gym_ros) by extension 'ros'
[0.213s] DEBUG:colcon.colcon_core.package_identification:Package 'src/f1tenth_gym_ros' with type 'ros.ament_python' and name 'f1tenth_gym_ros'
[0.213s] Level 1:colcon.colcon_core.package_identification:_identify(src/safety) by extensions ['ignore', 'ignore_ament_install']
[0.213s] Level 1:colcon.colcon_core.package_identification:_identify(src/safety) by extension 'ignore'
[0.213s] Level 1:colcon.colcon_core.package_identification:_identify(src/safety) by extension 'ignore_ament_install'
[0.213s] Level 1:colcon.colcon_core.package_identification:_identify(src/safety) by extensions ['colcon_pkg']
[0.213s] Level 1:colcon.colcon_core.package_identification:_identify(src/safety) by extension 'colcon_pkg'
[0.213s] Level 1:colcon.colcon_core.package_identification:_identify(src/safety) by extensions ['colcon_meta']
[0.213s] Level 1:colcon.colcon_core.package_identification:_identify(src/safety) by extension 'colcon_meta'
[0.213s] Level 1:colcon.colcon_core.package_identification:_identify(src/safety) by extensions ['ros']
[0.213s] Level 1:colcon.colcon_core.package_identification:_identify(src/safety) by extension 'ros'
[0.214s] DEBUG:colcon.colcon_core.package_identification:Package 'src/safety' with type 'ros.ament_python' and name 'safety'
[0.214s] Level 1:colcon.colcon_core.package_discovery:discover_packages(recursive) using defaults
[0.214s] Level 1:colcon.colcon_core.package_discovery:discover_packages(ignore) discover
[0.214s] Level 1:colcon.colcon_core.package_discovery:discover_packages(ignore) using defaults
[0.214s] Level 1:colcon.colcon_core.package_discovery:discover_packages(path) discover
[0.214s] Level 1:colcon.colcon_core.package_discovery:discover_packages(path) using defaults
[0.234s] Level 1:colcon.colcon_core.package_discovery:discover_packages(prefix_path) check parameters
[0.234s] Level 1:colcon.colcon_core.package_discovery:discover_packages(prefix_path) discover
[0.236s] DEBUG:colcon.colcon_installed_package_information.package_discovery:Found 287 installed packages in /opt/ros/humble
[0.237s] Level 1:colcon.colcon_core.package_discovery:discover_packages(prefix_path) using defaults
[0.262s] Level 5:colcon.colcon_core.verb:set package 'f1tenth_gym_ros' build argument 'cmake_args' from command line to 'None'
[0.262s] Level 5:colcon.colcon_core.verb:set package 'f1tenth_gym_ros' build argument 'cmake_target' from command line to 'None'
[0.262s] Level 5:colcon.colcon_core.verb:set package 'f1tenth_gym_ros' build argument 'cmake_target_skip_unavailable' from command line to 'False'
[0.262s] Level 5:colcon.colcon_core.verb:set package 'f1tenth_gym_ros' build argument 'cmake_clean_cache' from command line to 'False'
[0.262s] Level 5:colcon.colcon_core.verb:set package 'f1tenth_gym_ros' build argument 'cmake_clean_first' from command line to 'False'
[0.263s] Level 5:colcon.colcon_core.verb:set package 'f1tenth_gym_ros' build argument 'cmake_force_configure' from command line to 'False'
[0.263s] Level 5:colcon.colcon_core.verb:set package 'f1tenth_gym_ros' build argument 'ament_cmake_args' from command line to 'None'
[0.263s] Level 5:colcon.colcon_core.verb:set package 'f1tenth_gym_ros' build argument 'catkin_cmake_args' from command line to 'None'
[0.263s] Level 5:colcon.colcon_core.verb:set package 'f1tenth_gym_ros' build argument 'catkin_skip_building_tests' from command line to 'False'
[0.263s] DEBUG:colcon.colcon_core.verb:Building package 'f1tenth_gym_ros' with the following arguments: {'ament_cmake_args': None, 'build_base': '/home/darkmagician0901/sim_ws/build/f1tenth_gym_ros', 'catkin_cmake_args': None, 'catkin_skip_building_tests': False, 'cmake_args': None, 'cmake_clean_cache': False, 'cmake_clean_first': False, 'cmake_force_configure': False, 'cmake_target': None, 'cmake_target_skip_unavailable': False, 'install_base': '/home/darkmagician0901/sim_ws/install/f1tenth_gym_ros', 'merge_install': False, 'path': '/home/darkmagician0901/sim_ws/src/f1tenth_gym_ros', 'symlink_install': True, 'test_result_base': None}
[0.263s] Level 5:colcon.colcon_core.verb:set package 'safety' build argument 'cmake_args' from command line to 'None'
[0.263s] Level 5:colcon.colcon_core.verb:set package 'safety' build argument 'cmake_target' from command line to 'None'
[0.263s] Level 5:colcon.colcon_core.verb:set package 'safety' build argument 'cmake_target_skip_unavailable' from command line to 'False'
[0.263s] Level 5:colcon.colcon_core.verb:set package 'safety' build argument 'cmake_clean_cache' from command line to 'False'
[0.263s] Level 5:colcon.colcon_core.verb:set package 'safety' build argument 'cmake_clean_first' from command line to 'False'
[0.263s] Level 5:colcon.colcon_core.verb:set package 'safety' build argument 'cmake_force_configure' from command line to 'False'
[0.263s] Level 5:colcon.colcon_core.verb:set package 'safety' build argument 'ament_cmake_args' from command line to 'None'
[0.263s] Level 5:colcon.colcon_core.verb:set package 'safety' build argument 'catkin_cmake_args' from command line to 'None'
[0.263s] Level 5:colcon.colcon_core.verb:set package 'safety' build argument 'catkin_skip_building_tests' from command line to 'False'
[0.263s] DEBUG:colcon.colcon_core.verb:Building package 'safety' with the following arguments: {'ament_cmake_args': None, 'build_base': '/home/darkmagician0901/sim_ws/build/safety', 'catkin_cmake_args': None, 'catkin_skip_building_tests': False, 'cmake_args': None, 'cmake_clean_cache': False, 'cmake_clean_first': False, 'cmake_force_configure': False, 'cmake_target': None, 'cmake_target_skip_unavailable': False, 'install_base': '/home/darkmagician0901/sim_ws/install/safety', 'merge_install': False, 'path': '/home/darkmagician0901/sim_ws/src/safety', 'symlink_install': True, 'test_result_base': None}
[0.263s] INFO:colcon.colcon_core.executor:Executing jobs using 'parallel' executor
[0.264s] DEBUG:colcon.colcon_parallel_executor.executor.parallel:run_until_complete
[0.264s] INFO:colcon.colcon_ros.task.ament_python.build:Building ROS package in '/home/darkmagician0901/sim_ws/src/f1tenth_gym_ros' with build type 'ament_python'
[0.264s] Level 1:colcon.colcon_core.shell:create_environment_hook('f1tenth_gym_ros', 'ament_prefix_path')
[0.266s] INFO:colcon.colcon_core.plugin_system:Skipping extension 'colcon_core.shell.bat': Not used on non-Windows systems
[0.266s] INFO:colcon.colcon_core.shell:Creating environment hook '/home/darkmagician0901/sim_ws/install/f1tenth_gym_ros/share/f1tenth_gym_ros/hook/ament_prefix_path.ps1'
[0.266s] INFO:colcon.colcon_core.shell:Creating environment descriptor '/home/darkmagician0901/sim_ws/install/f1tenth_gym_ros/share/f1tenth_gym_ros/hook/ament_prefix_path.dsv'
[0.267s] INFO:colcon.colcon_core.shell:Creating environment hook '/home/darkmagician0901/sim_ws/install/f1tenth_gym_ros/share/f1tenth_gym_ros/hook/ament_prefix_path.sh'
[0.268s] INFO:colcon.colcon_core.shell:Skip shell extension 'powershell' for command environment: Not usable outside of PowerShell
[0.268s] DEBUG:colcon.colcon_core.shell:Skip shell extension 'dsv' for command environment
[0.270s] INFO:colcon.colcon_ros.task.ament_python.build:Building ROS package in '/home/darkmagician0901/sim_ws/src/safety' with build type 'ament_python'
[0.270s] Level 1:colcon.colcon_core.shell:create_environment_hook('safety', 'ament_prefix_path')
[0.270s] INFO:colcon.colcon_core.shell:Creating environment hook '/home/darkmagician0901/sim_ws/install/safety/share/safety/hook/ament_prefix_path.ps1'
[0.271s] INFO:colcon.colcon_core.shell:Creating environment descriptor '/home/darkmagician0901/sim_ws/install/safety/share/safety/hook/ament_prefix_path.dsv'
[0.271s] INFO:colcon.colcon_core.shell:Creating environment hook '/home/darkmagician0901/sim_ws/install/safety/share/safety/hook/ament_prefix_path.sh'
[0.272s] INFO:colcon.colcon_core.shell:Skip shell extension 'powershell' for command environment: Not usable outside of PowerShell
[0.272s] DEBUG:colcon.colcon_core.shell:Skip shell extension 'dsv' for command environment
[0.461s] INFO:colcon.colcon_core.task.python.build:Building Python package in '/home/darkmagician0901/sim_ws/src/f1tenth_gym_ros'
[0.461s] INFO:colcon.colcon_core.shell:Skip shell extension 'powershell' for command environment: Not usable outside of PowerShell
[0.461s] DEBUG:colcon.colcon_core.shell:Skip shell extension 'dsv' for command environment
[0.646s] INFO:colcon.colcon_core.task.python.build:Building Python package in '/home/darkmagician0901/sim_ws/src/safety'
[0.646s] INFO:colcon.colcon_core.shell:Skip shell extension 'powershell' for command environment: Not usable outside of PowerShell
[0.647s] DEBUG:colcon.colcon_core.shell:Skip shell extension 'dsv' for command environment
[0.914s] DEBUG:colcon.colcon_core.task.python.build:Available setuptools commands: clean, install_scripts, rotate, register, bdist_wheel, bdist_egg, build_scripts, install_data, setopt, egg_info, build_clib, alias, sdist, test, symlink_data, install, easy_install, build, install_egg_info, upload_docs, install_headers, saveopts, upload, install_lib, build_ext, bdist_dumb, bdist_rpm, develop, build_py, bdist, check, dist_info, nosetests
[0.923s] DEBUG:colcon.colcon_core.task.python.build:Available setuptools commands: clean, install_scripts, rotate, register, bdist_wheel, bdist_egg, build_scripts, install_data, setopt, egg_info, build_clib, alias, sdist, test, symlink_data, install, easy_install, build, install_egg_info, upload_docs, install_headers, saveopts, upload, install_lib, build_ext, bdist_dumb, bdist_rpm, develop, build_py, bdist, check, dist_info, nosetests
[1.137s] DEBUG:colcon.colcon_core.task.python.build:Available setuptools 'develop' options: --version, --verbose, --install-layout, --quiet, --build-directory, --exclude-scripts, --optimize, --script-dir, --record, --upgrade, --always-copy, --egg-path, --allow-hosts, --always-unzip, --user, --editable, --multi-version, --no-find-links, --local-snapshots-ok, --prefix, --help, --force-installation-into-system-dir, --no-user-cfg, --find-links, --uninstall, --site-dirs, --no-deps, --install-dir, --zip-ok, --index-url, --dry-run
[1.140s] DEBUG:colcon.colcon_core.task.python.build:Available setuptools 'develop' options: --version, --verbose, --install-layout, --quiet, --build-directory, --exclude-scripts, --optimize, --script-dir, --record, --upgrade, --always-copy, --egg-path, --allow-hosts, --always-unzip, --user, --editable, --multi-version, --no-find-links, --local-snapshots-ok, --prefix, --help, --force-installation-into-system-dir, --no-user-cfg, --find-links, --uninstall, --site-dirs, --no-deps, --install-dir, --zip-ok, --index-url, --dry-run
[1.140s] DEBUG:colcon.colcon_core.event_handler.log_command:Invoking command in '/home/darkmagician0901/sim_ws/build/safety': PYTHONPATH=/home/darkmagician0901/sim_ws/build/safety/prefix_override:/usr/lib/python3/dist-packages/colcon_core/task/python/colcon_distutils_commands:/home/darkmagician0901/sim_ws/install/safety/lib/python3.10/site-packages:${PYTHONPATH} /usr/bin/python3 -W ignore:setup.py install is deprecated -W ignore:easy_install command is deprecated setup.py develop --editable --build-directory /home/darkmagician0901/sim_ws/build/safety/build --no-deps symlink_data
[1.141s] DEBUG:colcon.colcon_core.task.python.build:While undoing a previous installation files outside the Python library path are being ignored: /home/darkmagician0901/sim_ws/install/f1tenth_gym_ros/share/ament_index/resource_index/packages/f1tenth_gym_ros
[1.141s] DEBUG:colcon.colcon_core.task.python.build:While undoing a previous installation files outside the Python library path are being ignored: /home/darkmagician0901/sim_ws/install/f1tenth_gym_ros/share/f1tenth_gym_ros/package.xml
[1.141s] DEBUG:colcon.colcon_core.task.python.build:While undoing a previous installation files outside the Python library path are being ignored: /home/darkmagician0901/sim_ws/install/f1tenth_gym_ros/share/f1tenth_gym_ros/launch/gym_bridge_launch.py
[1.142s] DEBUG:colcon.colcon_core.task.python.build:While undoing a previous installation files outside the Python library path are being ignored: /home/darkmagician0901/sim_ws/install/f1tenth_gym_ros/share/f1tenth_gym_ros/launch/slam/f1tenth_gym_online_async.yaml
[1.142s] DEBUG:colcon.colcon_core.task.python.build:While undoing a previous installation files outside the Python library path are being ignored: /home/darkmagician0901/sim_ws/install/f1tenth_gym_ros/share/f1tenth_gym_ros/urdf/ego_racecar.xacro
[1.142s] DEBUG:colcon.colcon_core.task.python.build:While undoing a previous installation files outside the Python library path are being ignored: /home/darkmagician0901/sim_ws/install/f1tenth_gym_ros/share/f1tenth_gym_ros/urdf/ego_racecar_f1fifth.xacro
[1.142s] DEBUG:colcon.colcon_core.task.python.build:While undoing a previous installation files outside the Python library path are being ignored: /home/darkmagician0901/sim_ws/install/f1tenth_gym_ros/share/f1tenth_gym_ros/urdf/opp_racecar.xacro
[1.142s] DEBUG:colcon.colcon_core.task.python.build:While undoing a previous installation files outside the Python library path are being ignored: /home/darkmagician0901/sim_ws/install/f1tenth_gym_ros/share/f1tenth_gym_ros/urdf/ego_racecar_fullscale.xacro
[1.142s] DEBUG:colcon.colcon_core.task.python.build:While undoing a previous installation files outside the Python library path are being ignored: /home/darkmagician0901/sim_ws/install/f1tenth_gym_ros/share/f1tenth_gym_ros/urdf/racecar_mesh.xacro
[1.142s] DEBUG:colcon.colcon_core.task.python.build:While undoing a previous installation files outside the Python library path are being ignored: /home/darkmagician0901/sim_ws/install/f1tenth_gym_ros/share/f1tenth_gym_ros/meshes/roboracer_accent.stl
[1.142s] DEBUG:colcon.colcon_core.task.python.build:While undoing a previous installation files outside the Python library path are being ignored: /home/darkmagician0901/sim_ws/install/f1tenth_gym_ros/share/f1tenth_gym_ros/meshes/roboracer_wheel_rear_left.glb
[1.142s] DEBUG:colcon.colcon_core.task.python.build:While undoing a previous installation files outside the Python library path are being ignored: /home/darkmagician0901/sim_ws/install/f1tenth_gym_ros/share/f1tenth_gym_ros/meshes/roboracer_lidar.glb
[1.142s] DEBUG:colcon.colcon_core.task.python.build:While undoing a previous installation files outside the Python library path are being ignored: /home/darkmagician0901/sim_ws/install/f1tenth_gym_ros/share/f1tenth_gym_ros/meshes/roboracer_wheel_front_right.glb
[1.142s] DEBUG:colcon.colcon_core.task.python.build:While undoing a previous installation files outside the Python library path are being ignored: /home/darkmagician0901/sim_ws/install/f1tenth_gym_ros/share/f1tenth_gym_ros/meshes/roboracer_chassis.glb
[1.142s] DEBUG:colcon.colcon_core.task.python.build:While undoing a previous installation files outside the Python library path are being ignored: /home/darkmagician0901/sim_ws/install/f1tenth_gym_ros/share/f1tenth_gym_ros/meshes/roboracer_wheel_front_left.glb
[1.142s] DEBUG:colcon.colcon_core.task.python.build:While undoing a previous installation files outside the Python library path are being ignored: /home/darkmagician0901/sim_ws/install/f1tenth_gym_ros/share/f1tenth_gym_ros/meshes/roboracer_wheel_rear_right.glb
[1.142s] DEBUG:colcon.colcon_core.task.python.build:While undoing a previous installation files outside the Python library path are being ignored: /home/darkmagician0901/sim_ws/install/f1tenth_gym_ros/share/f1tenth_gym_ros/config/sim.yaml
[1.142s] DEBUG:colcon.colcon_core.task.python.build:While undoing a previous installation files outside the Python library path are being ignored: /home/darkmagician0901/sim_ws/install/f1tenth_gym_ros/share/f1tenth_gym_ros/config/rviz/gym_bridge.rviz
[1.142s] DEBUG:colcon.colcon_core.task.python.build:While undoing a previous installation files outside the Python library path are being ignored: /home/darkmagician0901/sim_ws/install/f1tenth_gym_ros/share/f1tenth_gym_ros/config/foxglove/gym_bridge_foxglove.json
[1.142s] DEBUG:colcon.colcon_core.task.python.build:While undoing a previous installation files outside the Python library path are being ignored: /home/darkmagician0901/sim_ws/install/f1tenth_gym_ros/share/f1tenth_gym_ros/maps/levine_blocked.yaml
[1.142s] DEBUG:colcon.colcon_core.task.python.build:While undoing a previous installation files outside the Python library path are being ignored: /home/darkmagician0901/sim_ws/install/f1tenth_gym_ros/share/f1tenth_gym_ros/maps/Spielberg.yaml
[1.142s] DEBUG:colcon.colcon_core.task.python.build:While undoing a previous installation files outside the Python library path are being ignored: /home/darkmagician0901/sim_ws/install/f1tenth_gym_ros/share/f1tenth_gym_ros/maps/levine_obs.png
[1.142s] DEBUG:colcon.colcon_core.task.python.build:While undoing a previous installation files outside the Python library path are being ignored: /home/darkmagician0901/sim_ws/install/f1tenth_gym_ros/share/f1tenth_gym_ros/maps/levine_obs.yaml
[1.142s] DEBUG:colcon.colcon_core.task.python.build:While undoing a previous installation files outside the Python library path are being ignored: /home/darkmagician0901/sim_ws/install/f1tenth_gym_ros/share/f1tenth_gym_ros/maps/blank.png
[1.142s] DEBUG:colcon.colcon_core.task.python.build:While undoing a previous installation files outside the Python library path are being ignored: /home/darkmagician0901/sim_ws/install/f1tenth_gym_ros/share/f1tenth_gym_ros/maps/levine_blocked.png
[1.142s] DEBUG:colcon.colcon_core.task.python.build:While undoing a previous installation files outside the Python library path are being ignored: /home/darkmagician0901/sim_ws/install/f1tenth_gym_ros/share/f1tenth_gym_ros/maps/blank.yaml
[1.142s] DEBUG:colcon.colcon_core.task.python.build:While undoing a previous installation files outside the Python library path are being ignored: /home/darkmagician0901/sim_ws/install/f1tenth_gym_ros/share/f1tenth_gym_ros/maps/levine.yaml
[1.142s] DEBUG:colcon.colcon_core.task.python.build:While undoing a previous installation files outside the Python library path are being ignored: /home/darkmagician0901/sim_ws/install/f1tenth_gym_ros/share/f1tenth_gym_ros/maps/Spielberg.png
[1.142s] DEBUG:colcon.colcon_core.task.python.build:While undoing a previous installation files outside the Python library path are being ignored: /home/darkmagician0901/sim_ws/install/f1tenth_gym_ros/share/f1tenth_gym_ros/maps/levine.png
[1.142s] DEBUG:colcon.colcon_core.task.python.build:While undoing a previous installation files outside the Python library path are being ignored: /home/darkmagician0901/sim_ws/install/f1tenth_gym_ros/lib/f1tenth_gym_ros/gym_bridge
[1.147s] DEBUG:colcon.colcon_core.event_handler.log_command:Invoking command in '/home/darkmagician0901/sim_ws/build/f1tenth_gym_ros': PYTHONPATH=/home/darkmagician0901/sim_ws/build/f1tenth_gym_ros/prefix_override:/usr/lib/python3/dist-packages/colcon_core/task/python/colcon_distutils_commands:/home/darkmagician0901/sim_ws/install/f1tenth_gym_ros/lib/python3.10/site-packages:${PYTHONPATH} /usr/bin/python3 -W ignore:setup.py install is deprecated -W ignore:easy_install command is deprecated setup.py develop --editable --build-directory /home/darkmagician0901/sim_ws/build/f1tenth_gym_ros/build --no-deps symlink_data --force
[1.509s] Level 1:colcon.colcon_core.shell:create_environment_hook('safety', 'pythonpath_develop')
[1.509s] INFO:colcon.colcon_core.shell:Creating environment hook '/home/darkmagician0901/sim_ws/build/safety/share/safety/hook/pythonpath_develop.ps1'
[1.510s] INFO:colcon.colcon_core.shell:Creating environment descriptor '/home/darkmagician0901/sim_ws/build/safety/share/safety/hook/pythonpath_develop.dsv'
[1.510s] INFO:colcon.colcon_core.shell:Creating environment hook '/home/darkmagician0901/sim_ws/build/safety/share/safety/hook/pythonpath_develop.sh'
[1.512s] DEBUG:colcon.colcon_core.event_handler.log_command:Invoked command in '/home/darkmagician0901/sim_ws/build/safety' returned '0': PYTHONPATH=/home/darkmagician0901/sim_ws/build/safety/prefix_override:/usr/lib/python3/dist-packages/colcon_core/task/python/colcon_distutils_commands:/home/darkmagician0901/sim_ws/install/safety/lib/python3.10/site-packages:${PYTHONPATH} /usr/bin/python3 -W ignore:setup.py install is deprecated -W ignore:easy_install command is deprecated setup.py develop --editable --build-directory /home/darkmagician0901/sim_ws/build/safety/build --no-deps symlink_data
[1.512s] Level 1:colcon.colcon_core.environment:checking '/home/darkmagician0901/sim_ws/install/safety' for CMake module files
[1.513s] Level 1:colcon.colcon_core.environment:checking '/home/darkmagician0901/sim_ws/install/safety' for CMake config files
[1.513s] Level 1:colcon.colcon_core.environment:checking '/home/darkmagician0901/sim_ws/install/safety/lib'
[1.513s] Level 1:colcon.colcon_core.environment:checking '/home/darkmagician0901/sim_ws/install/safety/bin'
[1.513s] Level 1:colcon.colcon_core.environment:checking '/home/darkmagician0901/sim_ws/install/safety/lib/pkgconfig/safety.pc'
[1.514s] Level 1:colcon.colcon_core.environment:checking '/home/darkmagician0901/sim_ws/install/safety/lib/python3.10/site-packages'
[1.514s] Level 1:colcon.colcon_core.shell:create_environment_hook('safety', 'pythonpath')
[1.514s] INFO:colcon.colcon_core.shell:Creating environment hook '/home/darkmagician0901/sim_ws/install/safety/share/safety/hook/pythonpath.ps1'
[1.514s] INFO:colcon.colcon_core.shell:Creating environment descriptor '/home/darkmagician0901/sim_ws/install/safety/share/safety/hook/pythonpath.dsv'
[1.514s] INFO:colcon.colcon_core.shell:Creating environment hook '/home/darkmagician0901/sim_ws/install/safety/share/safety/hook/pythonpath.sh'
[1.515s] Level 1:colcon.colcon_core.environment:checking '/home/darkmagician0901/sim_ws/install/safety/bin'
[1.515s] Level 1:colcon.colcon_core.environment:create_environment_scripts_only(safety)
[1.515s] INFO:colcon.colcon_core.shell:Creating package script '/home/darkmagician0901/sim_ws/install/safety/share/safety/package.ps1'
[1.516s] INFO:colcon.colcon_core.shell:Creating package descriptor '/home/darkmagician0901/sim_ws/install/safety/share/safety/package.dsv'
[1.516s] INFO:colcon.colcon_core.shell:Creating package script '/home/darkmagician0901/sim_ws/install/safety/share/safety/package.sh'
[1.517s] INFO:colcon.colcon_core.shell:Creating package script '/home/darkmagician0901/sim_ws/install/safety/share/safety/package.bash'
[1.517s] INFO:colcon.colcon_core.shell:Creating package script '/home/darkmagician0901/sim_ws/install/safety/share/safety/package.zsh'
[1.518s] Level 1:colcon.colcon_core.environment:create_file_with_runtime_dependencies(/home/darkmagician0901/sim_ws/install/safety/share/colcon-core/packages/safety)
[1.519s] Level 1:colcon.colcon_core.shell:create_environment_hook('f1tenth_gym_ros', 'pythonpath_develop')
[1.519s] DEBUG:colcon.colcon_core.event_handler.log_command:Invoked command in '/home/darkmagician0901/sim_ws/build/f1tenth_gym_ros' returned '0': PYTHONPATH=/home/darkmagician0901/sim_ws/build/f1tenth_gym_ros/prefix_override:/usr/lib/python3/dist-packages/colcon_core/task/python/colcon_distutils_commands:/home/darkmagician0901/sim_ws/install/f1tenth_gym_ros/lib/python3.10/site-packages:${PYTHONPATH} /usr/bin/python3 -W ignore:setup.py install is deprecated -W ignore:easy_install command is deprecated setup.py develop --editable --build-directory /home/darkmagician0901/sim_ws/build/f1tenth_gym_ros/build --no-deps symlink_data --force
[1.519s] INFO:colcon.colcon_core.shell:Creating environment hook '/home/darkmagician0901/sim_ws/build/f1tenth_gym_ros/share/f1tenth_gym_ros/hook/pythonpath_develop.ps1'
[1.520s] INFO:colcon.colcon_core.shell:Creating environment descriptor '/home/darkmagician0901/sim_ws/build/f1tenth_gym_ros/share/f1tenth_gym_ros/hook/pythonpath_develop.dsv'
[1.520s] INFO:colcon.colcon_core.shell:Creating environment hook '/home/darkmagician0901/sim_ws/build/f1tenth_gym_ros/share/f1tenth_gym_ros/hook/pythonpath_develop.sh'
[1.520s] Level 1:colcon.colcon_core.environment:checking '/home/darkmagician0901/sim_ws/install/f1tenth_gym_ros' for CMake module files
[1.522s] Level 1:colcon.colcon_core.environment:checking '/home/darkmagician0901/sim_ws/install/f1tenth_gym_ros' for CMake config files
[1.525s] Level 1:colcon.colcon_core.environment:checking '/home/darkmagician0901/sim_ws/install/f1tenth_gym_ros/lib'
[1.526s] Level 1:colcon.colcon_core.environment:checking '/home/darkmagician0901/sim_ws/install/f1tenth_gym_ros/bin'
[1.526s] Level 1:colcon.colcon_core.environment:checking '/home/darkmagician0901/sim_ws/install/f1tenth_gym_ros/lib/pkgconfig/f1tenth_gym_ros.pc'
[1.526s] Level 1:colcon.colcon_core.environment:checking '/home/darkmagician0901/sim_ws/install/f1tenth_gym_ros/lib/python3.10/site-packages'
[1.526s] Level 1:colcon.colcon_core.shell:create_environment_hook('f1tenth_gym_ros', 'pythonpath')
[1.526s] INFO:colcon.colcon_core.shell:Creating environment hook '/home/darkmagician0901/sim_ws/install/f1tenth_gym_ros/share/f1tenth_gym_ros/hook/pythonpath.ps1'
[1.526s] INFO:colcon.colcon_core.shell:Creating environment descriptor '/home/darkmagician0901/sim_ws/install/f1tenth_gym_ros/share/f1tenth_gym_ros/hook/pythonpath.dsv'
[1.527s] INFO:colcon.colcon_core.shell:Creating environment hook '/home/darkmagician0901/sim_ws/install/f1tenth_gym_ros/share/f1tenth_gym_ros/hook/pythonpath.sh'
[1.527s] Level 1:colcon.colcon_core.environment:checking '/home/darkmagician0901/sim_ws/install/f1tenth_gym_ros/bin'
[1.527s] Level 1:colcon.colcon_core.environment:create_environment_scripts_only(f1tenth_gym_ros)
[1.528s] INFO:colcon.colcon_core.shell:Creating package script '/home/darkmagician0901/sim_ws/install/f1tenth_gym_ros/share/f1tenth_gym_ros/package.ps1'
[1.528s] INFO:colcon.colcon_core.shell:Creating package descriptor '/home/darkmagician0901/sim_ws/install/f1tenth_gym_ros/share/f1tenth_gym_ros/package.dsv'
[1.529s] INFO:colcon.colcon_core.shell:Creating package script '/home/darkmagician0901/sim_ws/install/f1tenth_gym_ros/share/f1tenth_gym_ros/package.sh'
[1.529s] INFO:colcon.colcon_core.shell:Creating package script '/home/darkmagician0901/sim_ws/install/f1tenth_gym_ros/share/f1tenth_gym_ros/package.bash'
[1.529s] INFO:colcon.colcon_core.shell:Creating package script '/home/darkmagician0901/sim_ws/install/f1tenth_gym_ros/share/f1tenth_gym_ros/package.zsh'
[1.530s] Level 1:colcon.colcon_core.environment:create_file_with_runtime_dependencies(/home/darkmagician0901/sim_ws/install/f1tenth_gym_ros/share/colcon-core/packages/f1tenth_gym_ros)
[1.530s] DEBUG:colcon.colcon_parallel_executor.executor.parallel:closing loop
[1.531s] DEBUG:colcon.colcon_parallel_executor.executor.parallel:loop closed
[1.531s] DEBUG:colcon.colcon_parallel_executor.executor.parallel:run_until_complete finished with '0'
[1.531s] DEBUG:colcon.colcon_core.event_reactor:joining thread
[1.535s] INFO:colcon.colcon_core.plugin_system:Skipping extension 'colcon_notification.desktop_notification.terminal_notifier': Not used on non-Darwin systems
[1.535s] INFO:colcon.colcon_core.plugin_system:Skipping extension 'colcon_notification.desktop_notification.win32': Not used on non-Windows systems
[1.535s] INFO:colcon.colcon_notification.desktop_notification:Sending desktop notification using 'notify2'
[1.558s] DEBUG:colcon.colcon_core.event_reactor:joined thread
[1.558s] INFO:colcon.colcon_core.shell:Creating prefix script '/home/darkmagician0901/sim_ws/install/local_setup.ps1'
[1.559s] INFO:colcon.colcon_core.shell:Creating prefix util module '/home/darkmagician0901/sim_ws/install/_local_setup_util_ps1.py'
[1.560s] INFO:colcon.colcon_core.shell:Creating prefix chain script '/home/darkmagician0901/sim_ws/install/setup.ps1'
[1.561s] INFO:colcon.colcon_core.shell:Creating prefix script '/home/darkmagician0901/sim_ws/install/local_setup.sh'
[1.561s] INFO:colcon.colcon_core.shell:Creating prefix util module '/home/darkmagician0901/sim_ws/install/_local_setup_util_sh.py'
[1.562s] INFO:colcon.colcon_core.shell:Creating prefix chain script '/home/darkmagician0901/sim_ws/install/setup.sh'
[1.563s] INFO:colcon.colcon_core.shell:Creating prefix script '/home/darkmagician0901/sim_ws/install/local_setup.bash'
[1.563s] INFO:colcon.colcon_core.shell:Creating prefix chain script '/home/darkmagician0901/sim_ws/install/setup.bash'
[1.564s] INFO:colcon.colcon_core.shell:Creating prefix script '/home/darkmagician0901/sim_ws/install/local_setup.zsh'
[1.564s] INFO:colcon.colcon_core.shell:Creating prefix chain script '/home/darkmagician0901/sim_ws/install/setup.zsh'
