[2.553s] Invoking command in '/home/darkmagician0901/sim_ws/src/f1tenth_gym_ros': PS1=(.venv) \[\e]0;\u@\h: \w\a\]${debian_chroot:+($debian_chroot)}\[\033[01;32m\]\u@\h\[\033[00m\]:\[\033[01;34m\]\w\[\033[00m\]\$ PYTHONPATH=/home/darkmagician0901/sim_ws/build/f1tenth_gym_ros/prefix_override:/usr/lib/python3/dist-packages/colcon_core/task/python/colcon_distutils_commands:/home/darkmagician0901/sim_ws/install/f1tenth_gym_ros/lib/python3.10/site-packages:${PYTHONPATH} VIRTUAL_ENV_PROMPT=(.venv) /usr/bin/python3 -W ignore:setup.py install is deprecated -W ignore:easy_install command is deprecated setup.py egg_info --egg-base ../../build/f1tenth_gym_ros build --build-base /home/darkmagician0901/sim_ws/build/f1tenth_gym_ros/build install --record /home/darkmagician0901/sim_ws/build/f1tenth_gym_ros/install.log --install-scripts $base/lib/f1tenth_gym_ros --single-version-externally-managed install_data
[2.993s] running egg_info
[2.994s] writing ../../build/f1tenth_gym_ros/f1tenth_gym_ros.egg-info/PKG-INFO
[2.995s] writing dependency_links to ../../build/f1tenth_gym_ros/f1tenth_gym_ros.egg-info/dependency_links.txt
[2.995s] writing entry points to ../../build/f1tenth_gym_ros/f1tenth_gym_ros.egg-info/entry_points.txt
[2.996s] writing requirements to ../../build/f1tenth_gym_ros/f1tenth_gym_ros.egg-info/requires.txt
[2.996s] writing top-level names to ../../build/f1tenth_gym_ros/f1tenth_gym_ros.egg-info/top_level.txt
[2.999s] reading manifest file '../../build/f1tenth_gym_ros/f1tenth_gym_ros.egg-info/SOURCES.txt'
[3.000s] adding license file 'LICENSE'
[3.002s] writing manifest file '../../build/f1tenth_gym_ros/f1tenth_gym_ros.egg-info/SOURCES.txt'
[3.002s] running build
[3.002s] running build_py
[3.003s] running install
[3.003s] running install_lib
[3.005s] running install_data
[3.007s] copying config/sim.yaml -> /home/darkmagician0901/sim_ws/install/f1tenth_gym_ros/share/f1tenth_gym_ros/config
[3.008s] running install_egg_info
[3.012s] removing '/home/darkmagician0901/sim_ws/install/f1tenth_gym_ros/lib/python3.10/site-packages/f1tenth_gym_ros-0.0.0-py3.10.egg-info' (and everything under it)
[3.012s] Copying ../../build/f1tenth_gym_ros/f1tenth_gym_ros.egg-info to /home/darkmagician0901/sim_ws/install/f1tenth_gym_ros/lib/python3.10/site-packages/f1tenth_gym_ros-0.0.0-py3.10.egg-info
[3.014s] running install_scripts
[3.044s] Installing gym_bridge script to /home/darkmagician0901/sim_ws/install/f1tenth_gym_ros/lib/f1tenth_gym_ros
[3.045s] writing list of installed files to '/home/darkmagician0901/sim_ws/build/f1tenth_gym_ros/install.log'
[3.068s] Invoked command in '/home/darkmagician0901/sim_ws/src/f1tenth_gym_ros' returned '0': PS1=(.venv) \[\e]0;\u@\h: \w\a\]${debian_chroot:+($debian_chroot)}\[\033[01;32m\]\u@\h\[\033[00m\]:\[\033[01;34m\]\w\[\033[00m\]\$ PYTHONPATH=/home/darkmagician0901/sim_ws/build/f1tenth_gym_ros/prefix_override:/usr/lib/python3/dist-packages/colcon_core/task/python/colcon_distutils_commands:/home/darkmagician0901/sim_ws/install/f1tenth_gym_ros/lib/python3.10/site-packages:${PYTHONPATH} VIRTUAL_ENV_PROMPT=(.venv) /usr/bin/python3 -W ignore:setup.py install is deprecated -W ignore:easy_install command is deprecated setup.py egg_info --egg-base ../../build/f1tenth_gym_ros build --build-base /home/darkmagician0901/sim_ws/build/f1tenth_gym_ros/build install --record /home/darkmagician0901/sim_ws/build/f1tenth_gym_ros/install.log --install-scripts $base/lib/f1tenth_gym_ros --single-version-externally-managed install_data
