[0.995s] Invoking command in '/home/darkmagician0901/sim_ws/src/safety': PS1=(.venv) \[\e]0;\u@\h: \w\a\]${debian_chroot:+($debian_chroot)}\[\033[01;32m\]\u@\h\[\033[00m\]:\[\033[01;34m\]\w\[\033[00m\]\$ PYTHONPATH=/home/darkmagician0901/sim_ws/build/safety/prefix_override:/usr/lib/python3/dist-packages/colcon_core/task/python/colcon_distutils_commands:/home/darkmagician0901/sim_ws/install/safety/lib/python3.10/site-packages:${PYTHONPATH} VIRTUAL_ENV_PROMPT=(.venv) /usr/bin/python3 -W ignore:setup.py install is deprecated -W ignore:easy_install command is deprecated setup.py egg_info --egg-base ../../build/safety build --build-base /home/darkmagician0901/sim_ws/build/safety/build install --record /home/darkmagician0901/sim_ws/build/safety/install.log --install-scripts $base/lib/safety --single-version-externally-managed install_data
[1.328s] running egg_info
[1.329s] writing ../../build/safety/safety.egg-info/PKG-INFO
[1.329s] writing dependency_links to ../../build/safety/safety.egg-info/dependency_links.txt
[1.329s] writing entry points to ../../build/safety/safety.egg-info/entry_points.txt
[1.329s] writing requirements to ../../build/safety/safety.egg-info/requires.txt
[1.329s] writing top-level names to ../../build/safety/safety.egg-info/top_level.txt
[1.330s] reading manifest file '../../build/safety/safety.egg-info/SOURCES.txt'
[1.331s] writing manifest file '../../build/safety/safety.egg-info/SOURCES.txt'
[1.332s] running build
[1.332s] running build_py
[1.332s] running install
[1.332s] running install_lib
[1.335s] running install_data
[1.335s] running install_egg_info
[1.336s] removing '/home/darkmagician0901/sim_ws/install/safety/lib/python3.10/site-packages/safety-0.0.0-py3.10.egg-info' (and everything under it)
[1.337s] Copying ../../build/safety/safety.egg-info to /home/darkmagician0901/sim_ws/install/safety/lib/python3.10/site-packages/safety-0.0.0-py3.10.egg-info
[1.338s] running install_scripts
[1.362s] Installing safety_node script to /home/darkmagician0901/sim_ws/install/safety/lib/safety
[1.363s] writing list of installed files to '/home/darkmagician0901/sim_ws/build/safety/install.log'
[1.380s] Invoked command in '/home/darkmagician0901/sim_ws/src/safety' returned '0': PS1=(.venv) \[\e]0;\u@\h: \w\a\]${debian_chroot:+($debian_chroot)}\[\033[01;32m\]\u@\h\[\033[00m\]:\[\033[01;34m\]\w\[\033[00m\]\$ PYTHONPATH=/home/darkmagician0901/sim_ws/build/safety/prefix_override:/usr/lib/python3/dist-packages/colcon_core/task/python/colcon_distutils_commands:/home/darkmagician0901/sim_ws/install/safety/lib/python3.10/site-packages:${PYTHONPATH} VIRTUAL_ENV_PROMPT=(.venv) /usr/bin/python3 -W ignore:setup.py install is deprecated -W ignore:easy_install command is deprecated setup.py egg_info --egg-base ../../build/safety build --build-base /home/darkmagician0901/sim_ws/build/safety/build install --record /home/darkmagician0901/sim_ws/build/safety/install.log --install-scripts $base/lib/safety --single-version-externally-managed install_data
