[0.334s] Invoking command in '/home/darkmagician0901/sim_ws/src/f1tenth_gym_ros': PYTHONPATH=/home/darkmagician0901/sim_ws/build/f1tenth_gym_ros/prefix_override:/usr/lib/python3/dist-packages/colcon_core/task/python/colcon_distutils_commands:/home/darkmagician0901/sim_ws/install/f1tenth_gym_ros/lib/python3.10/site-packages: /usr/bin/python3 -W ignore:setup.py install is deprecated -W ignore:easy_install command is deprecated setup.py egg_info --egg-base ../../build/f1tenth_gym_ros build --build-base /home/darkmagician0901/sim_ws/build/f1tenth_gym_ros/build install --record /home/darkmagician0901/sim_ws/build/f1tenth_gym_ros/install.log --install-scripts $base/lib/f1tenth_gym_ros --single-version-externally-managed install_data
[0.459s] running egg_info
[0.459s] creating ../../build/f1tenth_gym_ros/f1tenth_gym_ros.egg-info
[0.460s] writing ../../build/f1tenth_gym_ros/f1tenth_gym_ros.egg-info/PKG-INFO
[0.460s] writing dependency_links to ../../build/f1tenth_gym_ros/f1tenth_gym_ros.egg-info/dependency_links.txt
[0.460s] writing entry points to ../../build/f1tenth_gym_ros/f1tenth_gym_ros.egg-info/entry_points.txt
[0.460s] writing requirements to ../../build/f1tenth_gym_ros/f1tenth_gym_ros.egg-info/requires.txt
[0.460s] writing top-level names to ../../build/f1tenth_gym_ros/f1tenth_gym_ros.egg-info/top_level.txt
[0.460s] writing manifest file '../../build/f1tenth_gym_ros/f1tenth_gym_ros.egg-info/SOURCES.txt'
[0.461s] reading manifest file '../../build/f1tenth_gym_ros/f1tenth_gym_ros.egg-info/SOURCES.txt'
[0.462s] adding license file 'LICENSE'
[0.462s] writing manifest file '../../build/f1tenth_gym_ros/f1tenth_gym_ros.egg-info/SOURCES.txt'
[0.462s] running build
[0.462s] running build_py
[0.463s] creating /home/darkmagician0901/sim_ws/build/f1tenth_gym_ros/build
[0.463s] creating /home/darkmagician0901/sim_ws/build/f1tenth_gym_ros/build/lib
[0.463s] creating /home/darkmagician0901/sim_ws/build/f1tenth_gym_ros/build/lib/f1tenth_gym_ros
[0.463s] copying f1tenth_gym_ros/__init__.py -> /home/darkmagician0901/sim_ws/build/f1tenth_gym_ros/build/lib/f1tenth_gym_ros
[0.463s] copying f1tenth_gym_ros/gym_bridge.py -> /home/darkmagician0901/sim_ws/build/f1tenth_gym_ros/build/lib/f1tenth_gym_ros
[0.466s] running install
[0.466s] running install_lib
[0.466s] creating /home/darkmagician0901/sim_ws/install/f1tenth_gym_ros/lib/python3.10/site-packages/f1tenth_gym_ros
[0.467s] copying /home/darkmagician0901/sim_ws/build/f1tenth_gym_ros/build/lib/f1tenth_gym_ros/__init__.py -> /home/darkmagician0901/sim_ws/install/f1tenth_gym_ros/lib/python3.10/site-packages/f1tenth_gym_ros
[0.467s] copying /home/darkmagician0901/sim_ws/build/f1tenth_gym_ros/build/lib/f1tenth_gym_ros/gym_bridge.py -> /home/darkmagician0901/sim_ws/install/f1tenth_gym_ros/lib/python3.10/site-packages/f1tenth_gym_ros
[0.467s] byte-compiling /home/darkmagician0901/sim_ws/install/f1tenth_gym_ros/lib/python3.10/site-packages/f1tenth_gym_ros/__init__.py to __init__.cpython-310.pyc
[0.467s] byte-compiling /home/darkmagician0901/sim_ws/install/f1tenth_gym_ros/lib/python3.10/site-packages/f1tenth_gym_ros/gym_bridge.py to gym_bridge.cpython-310.pyc
[0.469s] running install_data
[0.469s] creating /home/darkmagician0901/sim_ws/install/f1tenth_gym_ros/share/ament_index
[0.469s] creating /home/darkmagician0901/sim_ws/install/f1tenth_gym_ros/share/ament_index/resource_index
[0.470s] creating /home/darkmagician0901/sim_ws/install/f1tenth_gym_ros/share/ament_index/resource_index/packages
[0.470s] copying resource/f1tenth_gym_ros -> /home/darkmagician0901/sim_ws/install/f1tenth_gym_ros/share/ament_index/resource_index/packages
[0.470s] copying package.xml -> /home/darkmagician0901/sim_ws/install/f1tenth_gym_ros/share/f1tenth_gym_ros
[0.470s] creating /home/darkmagician0901/sim_ws/install/f1tenth_gym_ros/share/f1tenth_gym_ros/launch
[0.470s] copying launch/gym_bridge_launch.py -> /home/darkmagician0901/sim_ws/install/f1tenth_gym_ros/share/f1tenth_gym_ros/launch
[0.471s] creating /home/darkmagician0901/sim_ws/install/f1tenth_gym_ros/share/f1tenth_gym_ros/launch/slam
[0.471s] copying launch/slam/f1tenth_gym_online_async.yaml -> /home/darkmagician0901/sim_ws/install/f1tenth_gym_ros/share/f1tenth_gym_ros/launch/slam
[0.471s] creating /home/darkmagician0901/sim_ws/install/f1tenth_gym_ros/share/f1tenth_gym_ros/urdf
[0.471s] copying urdf/ego_racecar.xacro -> /home/darkmagician0901/sim_ws/install/f1tenth_gym_ros/share/f1tenth_gym_ros/urdf
[0.472s] copying urdf/ego_racecar_f1fifth.xacro -> /home/darkmagician0901/sim_ws/install/f1tenth_gym_ros/share/f1tenth_gym_ros/urdf
[0.472s] copying urdf/opp_racecar.xacro -> /home/darkmagician0901/sim_ws/install/f1tenth_gym_ros/share/f1tenth_gym_ros/urdf
[0.472s] copying urdf/ego_racecar_fullscale.xacro -> /home/darkmagician0901/sim_ws/install/f1tenth_gym_ros/share/f1tenth_gym_ros/urdf
[0.473s] copying urdf/racecar_mesh.xacro -> /home/darkmagician0901/sim_ws/install/f1tenth_gym_ros/share/f1tenth_gym_ros/urdf
[0.473s] creating /home/darkmagician0901/sim_ws/install/f1tenth_gym_ros/share/f1tenth_gym_ros/meshes
[0.473s] copying meshes/roboracer_accent.stl -> /home/darkmagician0901/sim_ws/install/f1tenth_gym_ros/share/f1tenth_gym_ros/meshes
[0.474s] copying meshes/roboracer_wheel_rear_left.glb -> /home/darkmagician0901/sim_ws/install/f1tenth_gym_ros/share/f1tenth_gym_ros/meshes
[0.475s] copying meshes/roboracer_lidar.glb -> /home/darkmagician0901/sim_ws/install/f1tenth_gym_ros/share/f1tenth_gym_ros/meshes
[0.476s] copying meshes/roboracer_wheel_front_right.glb -> /home/darkmagician0901/sim_ws/install/f1tenth_gym_ros/share/f1tenth_gym_ros/meshes
[0.477s] copying meshes/roboracer_chassis.glb -> /home/darkmagician0901/sim_ws/install/f1tenth_gym_ros/share/f1tenth_gym_ros/meshes
[0.478s] copying meshes/roboracer_wheel_front_left.glb -> /home/darkmagician0901/sim_ws/install/f1tenth_gym_ros/share/f1tenth_gym_ros/meshes
[0.479s] copying meshes/roboracer_wheel_rear_right.glb -> /home/darkmagician0901/sim_ws/install/f1tenth_gym_ros/share/f1tenth_gym_ros/meshes
[0.480s] creating /home/darkmagician0901/sim_ws/install/f1tenth_gym_ros/share/f1tenth_gym_ros/config
[0.480s] copying config/sim.yaml -> /home/darkmagician0901/sim_ws/install/f1tenth_gym_ros/share/f1tenth_gym_ros/config
[0.480s] creating /home/darkmagician0901/sim_ws/install/f1tenth_gym_ros/share/f1tenth_gym_ros/config/rviz
[0.481s] copying config/rviz/gym_bridge.rviz -> /home/darkmagician0901/sim_ws/install/f1tenth_gym_ros/share/f1tenth_gym_ros/config/rviz
[0.481s] creating /home/darkmagician0901/sim_ws/install/f1tenth_gym_ros/share/f1tenth_gym_ros/config/foxglove
[0.481s] copying config/foxglove/gym_bridge_foxglove.json -> /home/darkmagician0901/sim_ws/install/f1tenth_gym_ros/share/f1tenth_gym_ros/config/foxglove
[0.481s] creating /home/darkmagician0901/sim_ws/install/f1tenth_gym_ros/share/f1tenth_gym_ros/maps
[0.481s] copying maps/levine_blocked.yaml -> /home/darkmagician0901/sim_ws/install/f1tenth_gym_ros/share/f1tenth_gym_ros/maps
[0.482s] copying maps/Spielberg.yaml -> /home/darkmagician0901/sim_ws/install/f1tenth_gym_ros/share/f1tenth_gym_ros/maps
[0.482s] copying maps/levine_obs.png -> /home/darkmagician0901/sim_ws/install/f1tenth_gym_ros/share/f1tenth_gym_ros/maps
[0.483s] copying maps/levine_obs.yaml -> /home/darkmagician0901/sim_ws/install/f1tenth_gym_ros/share/f1tenth_gym_ros/maps
[0.483s] copying maps/blank.png -> /home/darkmagician0901/sim_ws/install/f1tenth_gym_ros/share/f1tenth_gym_ros/maps
[0.483s] copying maps/levine_blocked.png -> /home/darkmagician0901/sim_ws/install/f1tenth_gym_ros/share/f1tenth_gym_ros/maps
[0.483s] copying maps/blank.yaml -> /home/darkmagician0901/sim_ws/install/f1tenth_gym_ros/share/f1tenth_gym_ros/maps
[0.484s] copying maps/levine.yaml -> /home/darkmagician0901/sim_ws/install/f1tenth_gym_ros/share/f1tenth_gym_ros/maps
[0.484s] copying maps/Spielberg.png -> /home/darkmagician0901/sim_ws/install/f1tenth_gym_ros/share/f1tenth_gym_ros/maps
[0.485s] copying maps/levine.png -> /home/darkmagician0901/sim_ws/install/f1tenth_gym_ros/share/f1tenth_gym_ros/maps
[0.486s] running install_egg_info
[0.486s] Copying ../../build/f1tenth_gym_ros/f1tenth_gym_ros.egg-info to /home/darkmagician0901/sim_ws/install/f1tenth_gym_ros/lib/python3.10/site-packages/f1tenth_gym_ros-0.0.0-py3.10.egg-info
[0.486s] running install_scripts
[0.499s] Installing gym_bridge script to /home/darkmagician0901/sim_ws/install/f1tenth_gym_ros/lib/f1tenth_gym_ros
[0.499s] writing list of installed files to '/home/darkmagician0901/sim_ws/build/f1tenth_gym_ros/install.log'
[0.512s] Invoked command in '/home/darkmagician0901/sim_ws/src/f1tenth_gym_ros' returned '0': PYTHONPATH=/home/darkmagician0901/sim_ws/build/f1tenth_gym_ros/prefix_override:/usr/lib/python3/dist-packages/colcon_core/task/python/colcon_distutils_commands:/home/darkmagician0901/sim_ws/install/f1tenth_gym_ros/lib/python3.10/site-packages: /usr/bin/python3 -W ignore:setup.py install is deprecated -W ignore:easy_install command is deprecated setup.py egg_info --egg-base ../../build/f1tenth_gym_ros build --build-base /home/darkmagician0901/sim_ws/build/f1tenth_gym_ros/build install --record /home/darkmagician0901/sim_ws/build/f1tenth_gym_ros/install.log --install-scripts $base/lib/f1tenth_gym_ros --single-version-externally-managed install_data
