[0.330s] DEBUG:colcon:Command line arguments: ['/usr/bin/colcon', 'build', '--packages-select', 'safety', '--symlink-install']
[0.330s] DEBUG:colcon:Parsed command line arguments: Namespace(log_base=None, log_level=None, verb_name='build', build_base='build', install_base='install', merge_install=False, symlink_install=True, test_result_base=None, continue_on_error=False, executor='parallel', parallel_workers=4, event_handlers=None, ignore_user_meta=False, metas=['./colcon.meta'], base_paths=['.'], packages_ignore=None, packages_ignore_regex=None, paths=None, packages_up_to=None, packages_up_to_regex=None, packages_above=None, packages_above_and_dependencies=None, packages_above_depth=None, packages_select_by_dep=None, packages_skip_by_dep=None, packages_skip_up_to=None, packages_select_build_failed=False, packages_skip_build_finished=False, packages_select_test_failures=False, packages_skip_test_passed=False, packages_select=['safety'], packages_skip=None, packages_select_regex=None, packages_skip_regex=None, packages_start=None, packages_end=None, allow_overriding=[], cmake_args=None, cmake_target=None, cmake_target_skip_unavailable=False, cmake_clean_cache=False, cmake_clean_first=False, cmake_force_configure=False, ament_cmake_args=None, catkin_cmake_args=None, catkin_skip_building_tests=False, mixin_files=None, mixin=None, verb_parser=<colcon_mixin.mixin.mixin_argument.MixinArgumentDecorator object at 0x74789440ab90>, verb_extension=<colcon_core.verb.build.BuildVerb object at 0x74789440a6b0>, main=<bound method BuildVerb.main of <colcon_core.verb.build.BuildVerb object at 0x74789440a6b0>>, mixin_verb=('build',))
[0.820s] Level 1:colcon.colcon_core.package_discovery:discover_packages(colcon_meta) check parameters
[0.820s] Level 1:colcon.colcon_core.package_discovery:discover_packages(recursive) check parameters
[0.820s] Level 1:colcon.colcon_core.package_discovery:discover_packages(ignore) check parameters
[0.820s] Level 1:colcon.colcon_core.package_discovery:discover_packages(path) check parameters
[0.820s] Level 1:colcon.colcon_core.package_discovery:discover_packages(colcon_meta) discover
[0.820s] Level 1:colcon.colcon_core.package_discovery:discover_packages(recursive) discover
[0.821s] INFO:colcon.colcon_core.package_discovery:Crawling recursively for packages in '/home/darkmagician0901/sim_ws'
[0.821s] Level 1:colcon.colcon_core.package_identification:_identify(.) by extensions ['ignore', 'ignore_ament_install']
[0.821s] Level 1:colcon.colcon_core.package_identification:_identify(.) by extension 'ignore'
[0.821s] Level 1:colcon.colcon_core.package_identification:_identify(.) by extension 'ignore_ament_install'
[0.821s] Level 1:colcon.colcon_core.package_identification:_identify(.) by extensions ['colcon_pkg']
[0.821s] Level 1:colcon.colcon_core.package_identification:_identify(.) by extension 'colcon_pkg'
[0.821s] Level 1:colcon.colcon_core.package_identification:_identify(.) by extensions ['colcon_meta']
[0.822s] Level 1:colcon.colcon_core.package_identification:_identify(.) by extension 'colcon_meta'
[0.822s] Level 1:colcon.colcon_core.package_identification:_identify(.) by extensions ['ros']
[0.822s] Level 1:colcon.colcon_core.package_identification:_identify(.) by extension 'ros'
[0.842s] Level 1:colcon.colcon_core.package_identification:_identify(.) by extensions ['cmake', 'python']
[0.842s] Level 1:colcon.colcon_core.package_identification:_identify(.) by extension 'cmake'
[0.842s] Level 1:colcon.colcon_core.package_identification:_identify(.) by extension 'python'
[0.842s] Level 1:colcon.colcon_core.package_identification:_identify(.) by extensions ['python_setup_py']
[0.842s] Level 1:colcon.colcon_core.package_identification:_identify(.) by extension 'python_setup_py'
[0.843s] Level 1:colcon.colcon_core.package_identification:_identify(build) by extensions ['ignore', 'ignore_ament_install']
[0.844s] Level 1:colcon.colcon_core.package_identification:_identify(build) by extension 'ignore'
[0.844s] Level 1:colcon.colcon_core.package_identification:_identify(build) ignored
[0.845s] Level 1:colcon.colcon_core.package_identification:_identify(install) by extensions ['ignore', 'ignore_ament_install']
[0.845s] Level 1:colcon.colcon_core.package_identification:_identify(install) by extension 'ignore'
[0.845s] Level 1:colcon.colcon_core.package_identification:_identify(install) ignored
[0.845s] Level 1:colcon.colcon_core.package_identification:_identify(log) by extensions ['ignore', 'ignore_ament_install']
[0.845s] Level 1:colcon.colcon_core.package_identification:_identify(log) by extension 'ignore'
[0.845s] Level 1:colcon.colcon_core.package_identification:_identify(log) ignored
[0.845s] Level 1:colcon.colcon_core.package_identification:_identify(src) by extensions ['ignore', 'ignore_ament_install']
[0.845s] Level 1:colcon.colcon_core.package_identification:_identify(src) by extension 'ignore'
[0.846s] Level 1:colcon.colcon_core.package_identification:_identify(src) by extension 'ignore_ament_install'
[0.846s] Level 1:colcon.colcon_core.package_identification:_identify(src) by extensions ['colcon_pkg']
[0.846s] Level 1:colcon.colcon_core.package_identification:_identify(src) by extension 'colcon_pkg'
[0.846s] Level 1:colcon.colcon_core.package_identification:_identify(src) by extensions ['colcon_meta']
[0.846s] Level 1:colcon.colcon_core.package_identification:_identify(src) by extension 'colcon_meta'
[0.846s] Level 1:colcon.colcon_core.package_identification:_identify(src) by extensions ['ros']
[0.846s] Level 1:colcon.colcon_core.package_identification:_identify(src) by extension 'ros'
[0.846s] Level 1:colcon.colcon_core.package_identification:_identify(src) by extensions ['cmake', 'python']
[0.846s] Level 1:colcon.colcon_core.package_identification:_identify(src) by extension 'cmake'
[0.846s] Level 1:colcon.colcon_core.package_identification:_identify(src) by extension 'python'
[0.846s] Level 1:colcon.colcon_core.package_identification:_identify(src) by extensions ['python_setup_py']
[0.846s] Level 1:colcon.colcon_core.package_identification:_identify(src) by extension 'python_setup_py'
[0.847s] Level 1:colcon.colcon_core.package_identification:_identify(src/f1tenth_gym_ros) by extensions ['ignore', 'ignore_ament_install']
[0.847s] Level 1:colcon.colcon_core.package_identification:_identify(src/f1tenth_gym_ros) by extension 'ignore'
[0.847s] Level 1:colcon.colcon_core.package_identification:_identify(src/f1tenth_gym_ros) by extension 'ignore_ament_install'
[0.847s] Level 1:colcon.colcon_core.package_identification:_identify(src/f1tenth_gym_ros) by extensions ['colcon_pkg']
[0.847s] Level 1:colcon.colcon_core.package_identification:_identify(src/f1tenth_gym_ros) by extension 'colcon_pkg'
[0.847s] Level 1:colcon.colcon_core.package_identification:_identify(src/f1tenth_gym_ros) by extensions ['colcon_meta']
[0.847s] Level 1:colcon.colcon_core.package_identification:_identify(src/f1tenth_gym_ros) by extension 'colcon_meta'
[0.847s] Level 1:colcon.colcon_core.package_identification:_identify(src/f1tenth_gym_ros) by extensions ['ros']
[0.847s] Level 1:colcon.colcon_core.package_identification:_identify(src/f1tenth_gym_ros) by extension 'ros'
[0.855s] DEBUG:colcon.colcon_core.package_identification:Package 'src/f1tenth_gym_ros' with type 'ros.ament_python' and name 'f1tenth_gym_ros'
[0.855s] Level 1:colcon.colcon_core.package_identification:_identify(src/safety) by extensions ['ignore', 'ignore_ament_install']
[0.855s] Level 1:colcon.colcon_core.package_identification:_identify(src/safety) by extension 'ignore'
[0.855s] Level 1:colcon.colcon_core.package_identification:_identify(src/safety) by extension 'ignore_ament_install'
[0.856s] Level 1:colcon.colcon_core.package_identification:_identify(src/safety) by extensions ['colcon_pkg']
[0.856s] Level 1:colcon.colcon_core.package_identification:_identify(src/safety) by extension 'colcon_pkg'
[0.856s] Level 1:colcon.colcon_core.package_identification:_identify(src/safety) by extensions ['colcon_meta']
[0.856s] Level 1:colcon.colcon_core.package_identification:_identify(src/safety) by extension 'colcon_meta'
[0.856s] Level 1:colcon.colcon_core.package_identification:_identify(src/safety) by extensions ['ros']
[0.856s] Level 1:colcon.colcon_core.package_identification:_identify(src/safety) by extension 'ros'
[0.858s] DEBUG:colcon.colcon_core.package_identification:Package 'src/safety' with type 'ros.ament_python' and name 'safety'
[0.858s] Level 1:colcon.colcon_core.package_discovery:discover_packages(recursive) using defaults
[0.858s] Level 1:colcon.colcon_core.package_discovery:discover_packages(ignore) discover
[0.858s] Level 1:colcon.colcon_core.package_discovery:discover_packages(ignore) using defaults
[0.858s] Level 1:colcon.colcon_core.package_discovery:discover_packages(path) discover
[0.858s] Level 1:colcon.colcon_core.package_discovery:discover_packages(path) using defaults
[0.914s] INFO:colcon.colcon_core.package_selection:Skipping not selected package 'f1tenth_gym_ros' in 'src/f1tenth_gym_ros'
[0.915s] Level 1:colcon.colcon_core.package_discovery:discover_packages(prefix_path) check parameters
[0.915s] Level 1:colcon.colcon_core.package_discovery:discover_packages(prefix_path) discover
[0.922s] DEBUG:colcon.colcon_installed_package_information.package_discovery:Found 287 installed packages in /opt/ros/humble
[0.923s] Level 1:colcon.colcon_core.package_discovery:discover_packages(prefix_path) using defaults
[0.968s] Level 5:colcon.colcon_core.verb:set package 'safety' build argument 'cmake_args' from command line to 'None'
[0.968s] Level 5:colcon.colcon_core.verb:set package 'safety' build argument 'cmake_target' from command line to 'None'
[0.968s] Level 5:colcon.colcon_core.verb:set package 'safety' build argument 'cmake_target_skip_unavailable' from command line to 'False'
[0.968s] Level 5:colcon.colcon_core.verb:set package 'safety' build argument 'cmake_clean_cache' from command line to 'False'
[0.968s] Level 5:colcon.colcon_core.verb:set package 'safety' build argument 'cmake_clean_first' from command line to 'False'
[0.968s] Level 5:colcon.colcon_core.verb:set package 'safety' build argument 'cmake_force_configure' from command line to 'False'
[0.968s] Level 5:colcon.colcon_core.verb:set package 'safety' build argument 'ament_cmake_args' from command line to 'None'
[0.968s] Level 5:colcon.colcon_core.verb:set package 'safety' build argument 'catkin_cmake_args' from command line to 'None'
[0.968s] Level 5:colcon.colcon_core.verb:set package 'safety' build argument 'catkin_skip_building_tests' from command line to 'False'
[0.969s] DEBUG:colcon.colcon_core.verb:Building package 'safety' with the following arguments: {'ament_cmake_args': None, 'build_base': '/home/darkmagician0901/sim_ws/build/safety', 'catkin_cmake_args': None, 'catkin_skip_building_tests': False, 'cmake_args': None, 'cmake_clean_cache': False, 'cmake_clean_first': False, 'cmake_force_configure': False, 'cmake_target': None, 'cmake_target_skip_unavailable': False, 'install_base': '/home/darkmagician0901/sim_ws/install/safety', 'merge_install': False, 'path': '/home/darkmagician0901/sim_ws/src/safety', 'symlink_install': True, 'test_result_base': None}
[0.969s] INFO:colcon.colcon_core.executor:Executing jobs using 'parallel' executor
[0.970s] DEBUG:colcon.colcon_parallel_executor.executor.parallel:run_until_complete
[0.971s] INFO:colcon.colcon_ros.task.ament_python.build:Building ROS package in '/home/darkmagician0901/sim_ws/src/safety' with build type 'ament_python'
[0.971s] Level 1:colcon.colcon_core.shell:create_environment_hook('safety', 'ament_prefix_path')
[0.978s] INFO:colcon.colcon_core.plugin_system:Skipping extension 'colcon_core.shell.bat': Not used on non-Windows systems
[0.978s] INFO:colcon.colcon_core.shell:Creating environment hook '/home/darkmagician0901/sim_ws/install/safety/share/safety/hook/ament_prefix_path.ps1'
[0.980s] INFO:colcon.colcon_core.shell:Creating environment descriptor '/home/darkmagician0901/sim_ws/install/safety/share/safety/hook/ament_prefix_path.dsv'
[0.981s] INFO:colcon.colcon_core.shell:Creating environment hook '/home/darkmagician0901/sim_ws/install/safety/share/safety/hook/ament_prefix_path.sh'
[0.982s] INFO:colcon.colcon_core.shell:Skip shell extension 'powershell' for command environment: Not usable outside of PowerShell
[0.982s] DEBUG:colcon.colcon_core.shell:Skip shell extension 'dsv' for command environment
[1.271s] INFO:colcon.colcon_core.task.python.build:Building Python package in '/home/darkmagician0901/sim_ws/src/safety'
[1.271s] INFO:colcon.colcon_core.shell:Skip shell extension 'powershell' for command environment: Not usable outside of PowerShell
[1.272s] DEBUG:colcon.colcon_core.shell:Skip shell extension 'dsv' for command environment
[1.751s] DEBUG:colcon.colcon_core.task.python.build:Available setuptools commands: setopt, dist_info, install_egg_info, easy_install, install, symlink_data, install_lib, build_py, install_data, upload_docs, bdist, build_ext, bdist_egg, bdist_wheel, saveopts, register, bdist_dumb, check, nosetests, install_headers, bdist_rpm, upload, build_clib, build, test, sdist, alias, egg_info, rotate, install_scripts, develop, build_scripts, clean
[2.111s] DEBUG:colcon.colcon_core.task.python.build:Available setuptools 'develop' options: --install-layout, --no-deps, --upgrade, --always-unzip, --exclude-scripts, --index-url, --editable, --script-dir, --build-directory, --verbose, --site-dirs, --allow-hosts, --multi-version, --force-installation-into-system-dir, --always-copy, --local-snapshots-ok, --help, --no-find-links, --user, --record, --dry-run, --optimize, --install-dir, --prefix, --quiet, --version, --find-links, --uninstall, --no-user-cfg, --egg-path, --zip-ok
[2.115s] DEBUG:colcon.colcon_core.task.python.build:While undoing a previous installation files outside the Python library path are being ignored: /home/darkmagician0901/sim_ws/install/safety/share/ament_index/resource_index/packages/safety
[2.116s] DEBUG:colcon.colcon_core.task.python.build:While undoing a previous installation files outside the Python library path are being ignored: /home/darkmagician0901/sim_ws/install/safety/share/safety/package.xml
[2.116s] DEBUG:colcon.colcon_core.task.python.build:While undoing a previous installation files outside the Python library path are being ignored: /home/darkmagician0901/sim_ws/install/safety/lib/safety/safety_node
[2.121s] DEBUG:colcon.colcon_core.event_handler.log_command:Invoking command in '/home/darkmagician0901/sim_ws/build/safety': PS1=(.venv) \[\e]0;\u@\h: \w\a\]${debian_chroot:+($debian_chroot)}\[\033[01;32m\]\u@\h\[\033[00m\]:\[\033[01;34m\]\w\[\033[00m\]\$ PYTHONPATH=/home/darkmagician0901/sim_ws/build/safety/prefix_override:/usr/lib/python3/dist-packages/colcon_core/task/python/colcon_distutils_commands:/home/darkmagician0901/sim_ws/install/safety/lib/python3.10/site-packages:${PYTHONPATH} VIRTUAL_ENV_PROMPT=(.venv) /usr/bin/python3 -W ignore:setup.py install is deprecated -W ignore:easy_install command is deprecated setup.py develop --editable --build-directory /home/darkmagician0901/sim_ws/build/safety/build --no-deps symlink_data --force
[2.850s] Level 1:colcon.colcon_core.shell:create_environment_hook('safety', 'pythonpath_develop')
[2.851s] INFO:colcon.colcon_core.shell:Creating environment hook '/home/darkmagician0901/sim_ws/build/safety/share/safety/hook/pythonpath_develop.ps1'
[2.852s] DEBUG:colcon.colcon_core.event_handler.log_command:Invoked command in '/home/darkmagician0901/sim_ws/build/safety' returned '0': PS1=(.venv) \[\e]0;\u@\h: \w\a\]${debian_chroot:+($debian_chroot)}\[\033[01;32m\]\u@\h\[\033[00m\]:\[\033[01;34m\]\w\[\033[00m\]\$ PYTHONPATH=/home/darkmagician0901/sim_ws/build/safety/prefix_override:/usr/lib/python3/dist-packages/colcon_core/task/python/colcon_distutils_commands:/home/darkmagician0901/sim_ws/install/safety/lib/python3.10/site-packages:${PYTHONPATH} VIRTUAL_ENV_PROMPT=(.venv) /usr/bin/python3 -W ignore:setup.py install is deprecated -W ignore:easy_install command is deprecated setup.py develop --editable --build-directory /home/darkmagician0901/sim_ws/build/safety/build --no-deps symlink_data --force
[2.853s] INFO:colcon.colcon_core.shell:Creating environment descriptor '/home/darkmagician0901/sim_ws/build/safety/share/safety/hook/pythonpath_develop.dsv'
[2.854s] INFO:colcon.colcon_core.shell:Creating environment hook '/home/darkmagician0901/sim_ws/build/safety/share/safety/hook/pythonpath_develop.sh'
[2.866s] Level 1:colcon.colcon_core.environment:checking '/home/darkmagician0901/sim_ws/install/safety' for CMake module files
[2.868s] Level 1:colcon.colcon_core.environment:checking '/home/darkmagician0901/sim_ws/install/safety' for CMake config files
[2.871s] Level 1:colcon.colcon_core.environment:checking '/home/darkmagician0901/sim_ws/install/safety/lib'
[2.871s] Level 1:colcon.colcon_core.environment:checking '/home/darkmagician0901/sim_ws/install/safety/bin'
[2.871s] Level 1:colcon.colcon_core.environment:checking '/home/darkmagician0901/sim_ws/install/safety/lib/pkgconfig/safety.pc'
[2.872s] Level 1:colcon.colcon_core.environment:checking '/home/darkmagician0901/sim_ws/install/safety/lib/python3.10/site-packages'
[2.872s] Level 1:colcon.colcon_core.shell:create_environment_hook('safety', 'pythonpath')
[2.872s] INFO:colcon.colcon_core.shell:Creating environment hook '/home/darkmagician0901/sim_ws/install/safety/share/safety/hook/pythonpath.ps1'
[2.873s] INFO:colcon.colcon_core.shell:Creating environment descriptor '/home/darkmagician0901/sim_ws/install/safety/share/safety/hook/pythonpath.dsv'
[2.874s] INFO:colcon.colcon_core.shell:Creating environment hook '/home/darkmagician0901/sim_ws/install/safety/share/safety/hook/pythonpath.sh'
[2.875s] Level 1:colcon.colcon_core.environment:checking '/home/darkmagician0901/sim_ws/install/safety/bin'
[2.875s] Level 1:colcon.colcon_core.environment:create_environment_scripts_only(safety)
[2.875s] INFO:colcon.colcon_core.shell:Creating package script '/home/darkmagician0901/sim_ws/install/safety/share/safety/package.ps1'
[2.877s] INFO:colcon.colcon_core.shell:Creating package descriptor '/home/darkmagician0901/sim_ws/install/safety/share/safety/package.dsv'
[2.878s] INFO:colcon.colcon_core.shell:Creating package script '/home/darkmagician0901/sim_ws/install/safety/share/safety/package.sh'
[2.880s] INFO:colcon.colcon_core.shell:Creating package script '/home/darkmagician0901/sim_ws/install/safety/share/safety/package.bash'
[2.881s] INFO:colcon.colcon_core.shell:Creating package script '/home/darkmagician0901/sim_ws/install/safety/share/safety/package.zsh'
[2.882s] Level 1:colcon.colcon_core.environment:create_file_with_runtime_dependencies(/home/darkmagician0901/sim_ws/install/safety/share/colcon-core/packages/safety)
[2.883s] DEBUG:colcon.colcon_parallel_executor.executor.parallel:closing loop
[2.883s] DEBUG:colcon.colcon_parallel_executor.executor.parallel:loop closed
[2.883s] DEBUG:colcon.colcon_parallel_executor.executor.parallel:run_until_complete finished with '0'
[2.884s] DEBUG:colcon.colcon_core.event_reactor:joining thread
[2.894s] INFO:colcon.colcon_core.plugin_system:Skipping extension 'colcon_notification.desktop_notification.terminal_notifier': Not used on non-Darwin systems
[2.894s] INFO:colcon.colcon_core.plugin_system:Skipping extension 'colcon_notification.desktop_notification.win32': Not used on non-Windows systems
[2.894s] INFO:colcon.colcon_notification.desktop_notification:Sending desktop notification using 'notify2'
[2.993s] DEBUG:colcon.colcon_core.event_reactor:joined thread
[2.994s] INFO:colcon.colcon_core.shell:Creating prefix script '/home/darkmagician0901/sim_ws/install/local_setup.ps1'
[2.995s] INFO:colcon.colcon_core.shell:Creating prefix util module '/home/darkmagician0901/sim_ws/install/_local_setup_util_ps1.py'
[2.997s] INFO:colcon.colcon_core.shell:Creating prefix chain script '/home/darkmagician0901/sim_ws/install/setup.ps1'
[2.999s] INFO:colcon.colcon_core.shell:Creating prefix script '/home/darkmagician0901/sim_ws/install/local_setup.sh'
[3.000s] INFO:colcon.colcon_core.shell:Creating prefix util module '/home/darkmagician0901/sim_ws/install/_local_setup_util_sh.py'
[3.003s] INFO:colcon.colcon_core.shell:Creating prefix chain script '/home/darkmagician0901/sim_ws/install/setup.sh'
[3.004s] INFO:colcon.colcon_core.shell:Creating prefix script '/home/darkmagician0901/sim_ws/install/local_setup.bash'
[3.005s] INFO:colcon.colcon_core.shell:Creating prefix chain script '/home/darkmagician0901/sim_ws/install/setup.bash'
[3.007s] INFO:colcon.colcon_core.shell:Creating prefix script '/home/darkmagician0901/sim_ws/install/local_setup.zsh'
[3.008s] INFO:colcon.colcon_core.shell:Creating prefix chain script '/home/darkmagician0901/sim_ws/install/setup.zsh'
