[1.026s] Invoking command in '/home/darkmagician0901/sim_ws/build/safety': PS1=(.venv) \[\e]0;\u@\h: \w\a\]${debian_chroot:+($debian_chroot)}\[\033[01;32m\]\u@\h\[\033[00m\]:\[\033[01;34m\]\w\[\033[00m\]\$ PYTHONPATH=/home/darkmagician0901/sim_ws/build/safety/prefix_override:/usr/lib/python3/dist-packages/colcon_core/task/python/colcon_distutils_commands:/home/darkmagician0901/sim_ws/install/safety/lib/python3.10/site-packages:${PYTHONPATH} VIRTUAL_ENV_PROMPT=(.venv) /usr/bin/python3 -W ignore:setup.py install is deprecated -W ignore:easy_install command is deprecated setup.py develop --uninstall --editable --build-directory /home/darkmagician0901/sim_ws/build/safety/build
[1.368s] running develop
[1.613s] Removing /home/darkmagician0901/sim_ws/install/safety/lib/python3.10/site-packages/safety.egg-link (link to .)
[1.631s] Invoked command in '/home/darkmagician0901/sim_ws/build/safety' returned '0': PS1=(.venv) \[\e]0;\u@\h: \w\a\]${debian_chroot:+($debian_chroot)}\[\033[01;32m\]\u@\h\[\033[00m\]:\[\033[01;34m\]\w\[\033[00m\]\$ PYTHONPATH=/home/darkmagician0901/sim_ws/build/safety/prefix_override:/usr/lib/python3/dist-packages/colcon_core/task/python/colcon_distutils_commands:/home/darkmagician0901/sim_ws/install/safety/lib/python3.10/site-packages:${PYTHONPATH} VIRTUAL_ENV_PROMPT=(.venv) /usr/bin/python3 -W ignore:setup.py install is deprecated -W ignore:easy_install command is deprecated setup.py develop --uninstall --editable --build-directory /home/darkmagician0901/sim_ws/build/safety/build
[1.635s] Invoking command in '/home/darkmagician0901/sim_ws/src/safety': PS1=(.venv) \[\e]0;\u@\h: \w\a\]${debian_chroot:+($debian_chroot)}\[\033[01;32m\]\u@\h\[\033[00m\]:\[\033[01;34m\]\w\[\033[00m\]\$ PYTHONPATH=/home/darkmagician0901/sim_ws/build/safety/prefix_override:/usr/lib/python3/dist-packages/colcon_core/task/python/colcon_distutils_commands:/home/darkmagician0901/sim_ws/install/safety/lib/python3.10/site-packages:${PYTHONPATH} VIRTUAL_ENV_PROMPT=(.venv) /usr/bin/python3 -W ignore:setup.py install is deprecated -W ignore:easy_install command is deprecated setup.py egg_info --egg-base ../../build/safety build --build-base /home/darkmagician0901/sim_ws/build/safety/build install --record /home/darkmagician0901/sim_ws/build/safety/install.log --install-scripts $base/lib/safety --single-version-externally-managed install_data --force
[1.961s] running egg_info
[1.962s] writing ../../build/safety/safety.egg-info/PKG-INFO
[1.962s] writing dependency_links to ../../build/safety/safety.egg-info/dependency_links.txt
[1.963s] writing entry points to ../../build/safety/safety.egg-info/entry_points.txt
[1.963s] writing requirements to ../../build/safety/safety.egg-info/requires.txt
[1.963s] writing top-level names to ../../build/safety/safety.egg-info/top_level.txt
[1.967s] reading manifest file '../../build/safety/safety.egg-info/SOURCES.txt'
[1.969s] writing manifest file '../../build/safety/safety.egg-info/SOURCES.txt'
[1.969s] running build
[1.969s] running build_py
[1.970s] copying safety/safety_node.py -> /home/darkmagician0901/sim_ws/build/safety/build/lib/safety
[1.971s] running install
[1.971s] running install_lib
[1.973s] creating /home/darkmagician0901/sim_ws/install/safety/lib/python3.10/site-packages/safety
[1.973s] copying /home/darkmagician0901/sim_ws/build/safety/build/lib/safety/__init__.py -> /home/darkmagician0901/sim_ws/install/safety/lib/python3.10/site-packages/safety
[1.973s] copying /home/darkmagician0901/sim_ws/build/safety/build/lib/safety/safety_node.py -> /home/darkmagician0901/sim_ws/install/safety/lib/python3.10/site-packages/safety
[1.974s] byte-compiling /home/darkmagician0901/sim_ws/install/safety/lib/python3.10/site-packages/safety/__init__.py to __init__.cpython-310.pyc
[1.974s] byte-compiling /home/darkmagician0901/sim_ws/install/safety/lib/python3.10/site-packages/safety/safety_node.py to safety_node.cpython-310.pyc
[1.976s] running install_data
[1.976s] copying resource/safety -> /home/darkmagician0901/sim_ws/install/safety/share/ament_index/resource_index/packages
[1.976s] copying package.xml -> /home/darkmagician0901/sim_ws/install/safety/share/safety
[1.977s] running install_egg_info
[1.979s] Copying ../../build/safety/safety.egg-info to /home/darkmagician0901/sim_ws/install/safety/lib/python3.10/site-packages/safety-0.0.0-py3.10.egg-info
[1.981s] running install_scripts
[2.003s] Installing safety_node script to /home/darkmagician0901/sim_ws/install/safety/lib/safety
[2.004s] writing list of installed files to '/home/darkmagician0901/sim_ws/build/safety/install.log'
[2.020s] Invoked command in '/home/darkmagician0901/sim_ws/src/safety' returned '0': PS1=(.venv) \[\e]0;\u@\h: \w\a\]${debian_chroot:+($debian_chroot)}\[\033[01;32m\]\u@\h\[\033[00m\]:\[\033[01;34m\]\w\[\033[00m\]\$ PYTHONPATH=/home/darkmagician0901/sim_ws/build/safety/prefix_override:/usr/lib/python3/dist-packages/colcon_core/task/python/colcon_distutils_commands:/home/darkmagician0901/sim_ws/install/safety/lib/python3.10/site-packages:${PYTHONPATH} VIRTUAL_ENV_PROMPT=(.venv) /usr/bin/python3 -W ignore:setup.py install is deprecated -W ignore:easy_install command is deprecated setup.py egg_info --egg-base ../../build/safety build --build-base /home/darkmagician0901/sim_ws/build/safety/build install --record /home/darkmagician0901/sim_ws/build/safety/install.log --install-scripts $base/lib/safety --single-version-externally-managed install_data --force
