running develop
running egg_info
writing f1tenth_gym_ros.egg-info/PKG-INFO
writing dependency_links to f1tenth_gym_ros.egg-info/dependency_links.txt
writing entry points to f1tenth_gym_ros.egg-info/entry_points.txt
writing requirements to f1tenth_gym_ros.egg-info/requires.txt
writing top-level names to f1tenth_gym_ros.egg-info/top_level.txt
reading manifest file 'f1tenth_gym_ros.egg-info/SOURCES.txt'
writing manifest file 'f1tenth_gym_ros.egg-info/SOURCES.txt'
running build_ext
Creating /home/darkmagician0901/sim_ws/install/f1tenth_gym_ros/lib/python3.10/site-packages/f1tenth-gym-ros.egg-link (link to .)
Installing gym_bridge script to /home/darkmagician0901/sim_ws/install/f1tenth_gym_ros/lib/f1tenth_gym_ros

Installed /home/darkmagician0901/sim_ws/build/f1tenth_gym_ros
running symlink_data
symbolically linking /home/darkmagician0901/sim_ws/build/f1tenth_gym_ros/resource/f1tenth_gym_ros -> /home/darkmagician0901/sim_ws/install/f1tenth_gym_ros/share/ament_index/resource_index/packages
symbolically linking /home/darkmagician0901/sim_ws/build/f1tenth_gym_ros/package.xml -> /home/darkmagician0901/sim_ws/install/f1tenth_gym_ros/share/f1tenth_gym_ros
symbolically linking /home/darkmagician0901/sim_ws/build/f1tenth_gym_ros/launch/gym_bridge_launch.py -> /home/darkmagician0901/sim_ws/install/f1tenth_gym_ros/share/f1tenth_gym_ros/launch
symbolically linking /home/darkmagician0901/sim_ws/build/f1tenth_gym_ros/launch/slam/f1tenth_gym_online_async.yaml -> /home/darkmagician0901/sim_ws/install/f1tenth_gym_ros/share/f1tenth_gym_ros/launch/slam
symbolically linking /home/darkmagician0901/sim_ws/build/f1tenth_gym_ros/urdf/ego_racecar.xacro -> /home/darkmagician0901/sim_ws/install/f1tenth_gym_ros/share/f1tenth_gym_ros/urdf
symbolically linking /home/darkmagician0901/sim_ws/build/f1tenth_gym_ros/urdf/ego_racecar_f1fifth.xacro -> /home/darkmagician0901/sim_ws/install/f1tenth_gym_ros/share/f1tenth_gym_ros/urdf
symbolically linking /home/darkmagician0901/sim_ws/build/f1tenth_gym_ros/urdf/opp_racecar.xacro -> /home/darkmagician0901/sim_ws/install/f1tenth_gym_ros/share/f1tenth_gym_ros/urdf
symbolically linking /home/darkmagician0901/sim_ws/build/f1tenth_gym_ros/urdf/ego_racecar_fullscale.xacro -> /home/darkmagician0901/sim_ws/install/f1tenth_gym_ros/share/f1tenth_gym_ros/urdf
symbolically linking /home/darkmagician0901/sim_ws/build/f1tenth_gym_ros/urdf/racecar_mesh.xacro -> /home/darkmagician0901/sim_ws/install/f1tenth_gym_ros/share/f1tenth_gym_ros/urdf
symbolically linking /home/darkmagician0901/sim_ws/build/f1tenth_gym_ros/meshes/roboracer_accent.stl -> /home/darkmagician0901/sim_ws/install/f1tenth_gym_ros/share/f1tenth_gym_ros/meshes
symbolically linking /home/darkmagician0901/sim_ws/build/f1tenth_gym_ros/meshes/roboracer_wheel_rear_left.glb -> /home/darkmagician0901/sim_ws/install/f1tenth_gym_ros/share/f1tenth_gym_ros/meshes
symbolically linking /home/darkmagician0901/sim_ws/build/f1tenth_gym_ros/meshes/roboracer_lidar.glb -> /home/darkmagician0901/sim_ws/install/f1tenth_gym_ros/share/f1tenth_gym_ros/meshes
symbolically linking /home/darkmagician0901/sim_ws/build/f1tenth_gym_ros/meshes/roboracer_wheel_front_right.glb -> /home/darkmagician0901/sim_ws/install/f1tenth_gym_ros/share/f1tenth_gym_ros/meshes
symbolically linking /home/darkmagician0901/sim_ws/build/f1tenth_gym_ros/meshes/roboracer_chassis.glb -> /home/darkmagician0901/sim_ws/install/f1tenth_gym_ros/share/f1tenth_gym_ros/meshes
symbolically linking /home/darkmagician0901/sim_ws/build/f1tenth_gym_ros/meshes/roboracer_wheel_front_left.glb -> /home/darkmagician0901/sim_ws/install/f1tenth_gym_ros/share/f1tenth_gym_ros/meshes
symbolically linking /home/darkmagician0901/sim_ws/build/f1tenth_gym_ros/meshes/roboracer_wheel_rear_right.glb -> /home/darkmagician0901/sim_ws/install/f1tenth_gym_ros/share/f1tenth_gym_ros/meshes
symbolically linking /home/darkmagician0901/sim_ws/build/f1tenth_gym_ros/config/sim.yaml -> /home/darkmagician0901/sim_ws/install/f1tenth_gym_ros/share/f1tenth_gym_ros/config
symbolically linking /home/darkmagician0901/sim_ws/build/f1tenth_gym_ros/config/rviz/gym_bridge.rviz -> /home/darkmagician0901/sim_ws/install/f1tenth_gym_ros/share/f1tenth_gym_ros/config/rviz
symbolically linking /home/darkmagician0901/sim_ws/build/f1tenth_gym_ros/config/foxglove/gym_bridge_foxglove.json -> /home/darkmagician0901/sim_ws/install/f1tenth_gym_ros/share/f1tenth_gym_ros/config/foxglove
symbolically linking /home/darkmagician0901/sim_ws/build/f1tenth_gym_ros/maps/levine_blocked.yaml -> /home/darkmagician0901/sim_ws/install/f1tenth_gym_ros/share/f1tenth_gym_ros/maps
symbolically linking /home/darkmagician0901/sim_ws/build/f1tenth_gym_ros/maps/Spielberg.yaml -> /home/darkmagician0901/sim_ws/install/f1tenth_gym_ros/share/f1tenth_gym_ros/maps
symbolically linking /home/darkmagician0901/sim_ws/build/f1tenth_gym_ros/maps/levine_obs.png -> /home/darkmagician0901/sim_ws/install/f1tenth_gym_ros/share/f1tenth_gym_ros/maps
symbolically linking /home/darkmagician0901/sim_ws/build/f1tenth_gym_ros/maps/levine_obs.yaml -> /home/darkmagician0901/sim_ws/install/f1tenth_gym_ros/share/f1tenth_gym_ros/maps
symbolically linking /home/darkmagician0901/sim_ws/build/f1tenth_gym_ros/maps/blank.png -> /home/darkmagician0901/sim_ws/install/f1tenth_gym_ros/share/f1tenth_gym_ros/maps
symbolically linking /home/darkmagician0901/sim_ws/build/f1tenth_gym_ros/maps/levine_blocked.png -> /home/darkmagician0901/sim_ws/install/f1tenth_gym_ros/share/f1tenth_gym_ros/maps
symbolically linking /home/darkmagician0901/sim_ws/build/f1tenth_gym_ros/maps/blank.yaml -> /home/darkmagician0901/sim_ws/install/f1tenth_gym_ros/share/f1tenth_gym_ros/maps
symbolically linking /home/darkmagician0901/sim_ws/build/f1tenth_gym_ros/maps/levine.yaml -> /home/darkmagician0901/sim_ws/install/f1tenth_gym_ros/share/f1tenth_gym_ros/maps
symbolically linking /home/darkmagician0901/sim_ws/build/f1tenth_gym_ros/maps/Spielberg.png -> /home/darkmagician0901/sim_ws/install/f1tenth_gym_ros/share/f1tenth_gym_ros/maps
symbolically linking /home/darkmagician0901/sim_ws/build/f1tenth_gym_ros/maps/levine.png -> /home/darkmagician0901/sim_ws/install/f1tenth_gym_ros/share/f1tenth_gym_ros/maps
