[0.882s] Invoking command in '/home/darkmagician0901/sim_ws/build/f1tenth_gym_ros': PYTHONPATH=/home/darkmagician0901/sim_ws/build/f1tenth_gym_ros/prefix_override:/usr/lib/python3/dist-packages/colcon_core/task/python/colcon_distutils_commands:/home/darkmagician0901/sim_ws/install/f1tenth_gym_ros/lib/python3.10/site-packages:${PYTHONPATH} /usr/bin/python3 -W ignore:setup.py install is deprecated -W ignore:easy_install command is deprecated setup.py develop --editable --build-directory /home/darkmagician0901/sim_ws/build/f1tenth_gym_ros/build --no-deps symlink_data --force
[1.090s] running develop
[1.220s] running egg_info
[1.221s] writing f1tenth_gym_ros.egg-info/PKG-INFO
[1.222s] writing dependency_links to f1tenth_gym_ros.egg-info/dependency_links.txt
[1.223s] writing entry points to f1tenth_gym_ros.egg-info/entry_points.txt
[1.223s] writing requirements to f1tenth_gym_ros.egg-info/requires.txt
[1.224s] writing top-level names to f1tenth_gym_ros.egg-info/top_level.txt
[1.225s] reading manifest file 'f1tenth_gym_ros.egg-info/SOURCES.txt'
[1.227s] writing manifest file 'f1tenth_gym_ros.egg-info/SOURCES.txt'
[1.228s] running build_ext
[1.228s] Creating /home/darkmagician0901/sim_ws/install/f1tenth_gym_ros/lib/python3.10/site-packages/f1tenth-gym-ros.egg-link (link to .)
[1.232s] Installing gym_bridge script to /home/darkmagician0901/sim_ws/install/f1tenth_gym_ros/lib/f1tenth_gym_ros
[1.232s] 
[1.233s] Installed /home/darkmagician0901/sim_ws/build/f1tenth_gym_ros
[1.233s] running symlink_data
[1.233s] symbolically linking /home/darkmagician0901/sim_ws/build/f1tenth_gym_ros/resource/f1tenth_gym_ros -> /home/darkmagician0901/sim_ws/install/f1tenth_gym_ros/share/ament_index/resource_index/packages
[1.233s] symbolically linking /home/darkmagician0901/sim_ws/build/f1tenth_gym_ros/package.xml -> /home/darkmagician0901/sim_ws/install/f1tenth_gym_ros/share/f1tenth_gym_ros
[1.233s] symbolically linking /home/darkmagician0901/sim_ws/build/f1tenth_gym_ros/launch/gym_bridge_launch.py -> /home/darkmagician0901/sim_ws/install/f1tenth_gym_ros/share/f1tenth_gym_ros/launch
[1.233s] symbolically linking /home/darkmagician0901/sim_ws/build/f1tenth_gym_ros/launch/slam/f1tenth_gym_online_async.yaml -> /home/darkmagician0901/sim_ws/install/f1tenth_gym_ros/share/f1tenth_gym_ros/launch/slam
[1.233s] symbolically linking /home/darkmagician0901/sim_ws/build/f1tenth_gym_ros/urdf/ego_racecar.xacro -> /home/darkmagician0901/sim_ws/install/f1tenth_gym_ros/share/f1tenth_gym_ros/urdf
[1.233s] symbolically linking /home/darkmagician0901/sim_ws/build/f1tenth_gym_ros/urdf/ego_racecar_f1fifth.xacro -> /home/darkmagician0901/sim_ws/install/f1tenth_gym_ros/share/f1tenth_gym_ros/urdf
[1.233s] symbolically linking /home/darkmagician0901/sim_ws/build/f1tenth_gym_ros/urdf/opp_racecar.xacro -> /home/darkmagician0901/sim_ws/install/f1tenth_gym_ros/share/f1tenth_gym_ros/urdf
[1.233s] symbolically linking /home/darkmagician0901/sim_ws/build/f1tenth_gym_ros/urdf/ego_racecar_fullscale.xacro -> /home/darkmagician0901/sim_ws/install/f1tenth_gym_ros/share/f1tenth_gym_ros/urdf
[1.233s] symbolically linking /home/darkmagician0901/sim_ws/build/f1tenth_gym_ros/urdf/racecar_mesh.xacro -> /home/darkmagician0901/sim_ws/install/f1tenth_gym_ros/share/f1tenth_gym_ros/urdf
[1.233s] symbolically linking /home/darkmagician0901/sim_ws/build/f1tenth_gym_ros/meshes/roboracer_accent.stl -> /home/darkmagician0901/sim_ws/install/f1tenth_gym_ros/share/f1tenth_gym_ros/meshes
[1.233s] symbolically linking /home/darkmagician0901/sim_ws/build/f1tenth_gym_ros/meshes/roboracer_wheel_rear_left.glb -> /home/darkmagician0901/sim_ws/install/f1tenth_gym_ros/share/f1tenth_gym_ros/meshes
[1.233s] symbolically linking /home/darkmagician0901/sim_ws/build/f1tenth_gym_ros/meshes/roboracer_lidar.glb -> /home/darkmagician0901/sim_ws/install/f1tenth_gym_ros/share/f1tenth_gym_ros/meshes
[1.233s] symbolically linking /home/darkmagician0901/sim_ws/build/f1tenth_gym_ros/meshes/roboracer_wheel_front_right.glb -> /home/darkmagician0901/sim_ws/install/f1tenth_gym_ros/share/f1tenth_gym_ros/meshes
[1.233s] symbolically linking /home/darkmagician0901/sim_ws/build/f1tenth_gym_ros/meshes/roboracer_chassis.glb -> /home/darkmagician0901/sim_ws/install/f1tenth_gym_ros/share/f1tenth_gym_ros/meshes
[1.233s] symbolically linking /home/darkmagician0901/sim_ws/build/f1tenth_gym_ros/meshes/roboracer_wheel_front_left.glb -> /home/darkmagician0901/sim_ws/install/f1tenth_gym_ros/share/f1tenth_gym_ros/meshes
[1.233s] symbolically linking /home/darkmagician0901/sim_ws/build/f1tenth_gym_ros/meshes/roboracer_wheel_rear_right.glb -> /home/darkmagician0901/sim_ws/install/f1tenth_gym_ros/share/f1tenth_gym_ros/meshes
[1.233s] symbolically linking /home/darkmagician0901/sim_ws/build/f1tenth_gym_ros/config/sim.yaml -> /home/darkmagician0901/sim_ws/install/f1tenth_gym_ros/share/f1tenth_gym_ros/config
[1.233s] symbolically linking /home/darkmagician0901/sim_ws/build/f1tenth_gym_ros/config/rviz/gym_bridge.rviz -> /home/darkmagician0901/sim_ws/install/f1tenth_gym_ros/share/f1tenth_gym_ros/config/rviz
[1.233s] symbolically linking /home/darkmagician0901/sim_ws/build/f1tenth_gym_ros/config/foxglove/gym_bridge_foxglove.json -> /home/darkmagician0901/sim_ws/install/f1tenth_gym_ros/share/f1tenth_gym_ros/config/foxglove
[1.233s] symbolically linking /home/darkmagician0901/sim_ws/build/f1tenth_gym_ros/maps/levine_blocked.yaml -> /home/darkmagician0901/sim_ws/install/f1tenth_gym_ros/share/f1tenth_gym_ros/maps
[1.234s] symbolically linking /home/darkmagician0901/sim_ws/build/f1tenth_gym_ros/maps/Spielberg.yaml -> /home/darkmagician0901/sim_ws/install/f1tenth_gym_ros/share/f1tenth_gym_ros/maps
[1.234s] symbolically linking /home/darkmagician0901/sim_ws/build/f1tenth_gym_ros/maps/levine_obs.png -> /home/darkmagician0901/sim_ws/install/f1tenth_gym_ros/share/f1tenth_gym_ros/maps
[1.234s] symbolically linking /home/darkmagician0901/sim_ws/build/f1tenth_gym_ros/maps/levine_obs.yaml -> /home/darkmagician0901/sim_ws/install/f1tenth_gym_ros/share/f1tenth_gym_ros/maps
[1.234s] symbolically linking /home/darkmagician0901/sim_ws/build/f1tenth_gym_ros/maps/blank.png -> /home/darkmagician0901/sim_ws/install/f1tenth_gym_ros/share/f1tenth_gym_ros/maps
[1.234s] symbolically linking /home/darkmagician0901/sim_ws/build/f1tenth_gym_ros/maps/levine_blocked.png -> /home/darkmagician0901/sim_ws/install/f1tenth_gym_ros/share/f1tenth_gym_ros/maps
[1.234s] symbolically linking /home/darkmagician0901/sim_ws/build/f1tenth_gym_ros/maps/blank.yaml -> /home/darkmagician0901/sim_ws/install/f1tenth_gym_ros/share/f1tenth_gym_ros/maps
[1.234s] symbolically linking /home/darkmagician0901/sim_ws/build/f1tenth_gym_ros/maps/levine.yaml -> /home/darkmagician0901/sim_ws/install/f1tenth_gym_ros/share/f1tenth_gym_ros/maps
[1.234s] symbolically linking /home/darkmagician0901/sim_ws/build/f1tenth_gym_ros/maps/Spielberg.png -> /home/darkmagician0901/sim_ws/install/f1tenth_gym_ros/share/f1tenth_gym_ros/maps
[1.234s] symbolically linking /home/darkmagician0901/sim_ws/build/f1tenth_gym_ros/maps/levine.png -> /home/darkmagician0901/sim_ws/install/f1tenth_gym_ros/share/f1tenth_gym_ros/maps
[1.255s] Invoked command in '/home/darkmagician0901/sim_ws/build/f1tenth_gym_ros' returned '0': PYTHONPATH=/home/darkmagician0901/sim_ws/build/f1tenth_gym_ros/prefix_override:/usr/lib/python3/dist-packages/colcon_core/task/python/colcon_distutils_commands:/home/darkmagician0901/sim_ws/install/f1tenth_gym_ros/lib/python3.10/site-packages:${PYTHONPATH} /usr/bin/python3 -W ignore:setup.py install is deprecated -W ignore:easy_install command is deprecated setup.py develop --editable --build-directory /home/darkmagician0901/sim_ws/build/f1tenth_gym_ros/build --no-deps symlink_data --force
