[1.889s] Invoking command in '/home/darkmagician0901/sim_ws/src/safety': PYTHONPATH=/home/darkmagician0901/sim_ws/build/safety/prefix_override:/usr/lib/python3/dist-packages/colcon_core/task/python/colcon_distutils_commands:/home/darkmagician0901/sim_ws/install/safety/lib/python3.10/site-packages: /usr/bin/python3 -W ignore:setup.py install is deprecated -W ignore:easy_install command is deprecated setup.py egg_info --egg-base ../../build/safety build --build-base /home/darkmagician0901/sim_ws/build/safety/build install --record /home/darkmagician0901/sim_ws/build/safety/install.log --install-scripts $base/lib/safety --single-version-externally-managed install_data
[2.283s] running egg_info
[2.284s] writing ../../build/safety/safety.egg-info/PKG-INFO
[2.284s] writing dependency_links to ../../build/safety/safety.egg-info/dependency_links.txt
[2.287s] writing entry points to ../../build/safety/safety.egg-info/entry_points.txt
[2.287s] writing requirements to ../../build/safety/safety.egg-info/requires.txt
[2.287s] writing top-level names to ../../build/safety/safety.egg-info/top_level.txt
[2.288s] reading manifest file '../../build/safety/safety.egg-info/SOURCES.txt'
[2.293s] writing manifest file '../../build/safety/safety.egg-info/SOURCES.txt'
[2.293s] running build
[2.296s] running build_py
[2.296s] copying safety/safety_node.py -> /home/darkmagician0901/sim_ws/build/safety/build/lib/safety
[2.296s] running install
[2.296s] running install_lib
[2.296s] copying /home/darkmagician0901/sim_ws/build/safety/build/lib/safety/safety_node.py -> /home/darkmagician0901/sim_ws/install/safety/lib/python3.10/site-packages/safety
[2.299s] byte-compiling /home/darkmagician0901/sim_ws/install/safety/lib/python3.10/site-packages/safety/safety_node.py to safety_node.cpython-310.pyc
[2.301s] running install_data
[2.301s] running install_egg_info
[2.304s] removing '/home/darkmagician0901/sim_ws/install/safety/lib/python3.10/site-packages/safety-0.0.0-py3.10.egg-info' (and everything under it)
[2.307s] Copying ../../build/safety/safety.egg-info to /home/darkmagician0901/sim_ws/install/safety/lib/python3.10/site-packages/safety-0.0.0-py3.10.egg-info
[2.312s] running install_scripts
[2.361s] Installing safety_node script to /home/darkmagician0901/sim_ws/install/safety/lib/safety
[2.361s] writing list of installed files to '/home/darkmagician0901/sim_ws/build/safety/install.log'
[2.394s] Invoked command in '/home/darkmagician0901/sim_ws/src/safety' returned '0': PYTHONPATH=/home/darkmagician0901/sim_ws/build/safety/prefix_override:/usr/lib/python3/dist-packages/colcon_core/task/python/colcon_distutils_commands:/home/darkmagician0901/sim_ws/install/safety/lib/python3.10/site-packages: /usr/bin/python3 -W ignore:setup.py install is deprecated -W ignore:easy_install command is deprecated setup.py egg_info --egg-base ../../build/safety build --build-base /home/darkmagician0901/sim_ws/build/safety/build install --record /home/darkmagician0901/sim_ws/build/safety/install.log --install-scripts $base/lib/safety --single-version-externally-managed install_data
