[0.991s] Invoking command in '/home/darkmagician0901/sim_ws/src/safety': PS1=(.venv) \[\e]0;\u@\h: \w\a\]${debian_chroot:+($debian_chroot)}\[\033[01;32m\]\u@\h\[\033[00m\]:\[\033[01;34m\]\w\[\033[00m\]\$ PYTHONPATH=/home/darkmagician0901/sim_ws/build/safety/prefix_override:/usr/lib/python3/dist-packages/colcon_core/task/python/colcon_distutils_commands:/home/darkmagician0901/sim_ws/install/safety/lib/python3.10/site-packages:${PYTHONPATH} VIRTUAL_ENV_PROMPT=(.venv) /usr/bin/python3 -W ignore:setup.py install is deprecated -W ignore:easy_install command is deprecated setup.py egg_info --egg-base ../../build/safety build --build-base /home/darkmagician0901/sim_ws/build/safety/build install --record /home/darkmagician0901/sim_ws/build/safety/install.log --install-scripts $base/lib/safety --single-version-externally-managed install_data
[1.330s] running egg_info
[1.332s] writing ../../build/safety/safety.egg-info/PKG-INFO
[1.332s] writing dependency_links to ../../build/safety/safety.egg-info/dependency_links.txt
[1.332s] writing entry points to ../../build/safety/safety.egg-info/entry_points.txt
[1.332s] writing requirements to ../../build/safety/safety.egg-info/requires.txt
[1.332s] writing top-level names to ../../build/safety/safety.egg-info/top_level.txt
[1.333s] reading manifest file '../../build/safety/safety.egg-info/SOURCES.txt'
[1.337s] writing manifest file '../../build/safety/safety.egg-info/SOURCES.txt'
[1.337s] running build
[1.337s] running build_py
[1.337s] copying safety/safety_node.py -> /home/darkmagician0901/sim_ws/build/safety/build/lib/safety
[1.338s] running install
[1.338s] running install_lib
[1.339s] copying /home/darkmagician0901/sim_ws/build/safety/build/lib/safety/safety_node.py -> /home/darkmagician0901/sim_ws/install/safety/lib/python3.10/site-packages/safety
[1.341s] byte-compiling /home/darkmagician0901/sim_ws/install/safety/lib/python3.10/site-packages/safety/safety_node.py to safety_node.cpython-310.pyc
[1.342s] running install_data
[1.343s] running install_egg_info
[1.345s] removing '/home/darkmagician0901/sim_ws/install/safety/lib/python3.10/site-packages/safety-0.0.0-py3.10.egg-info' (and everything under it)
[1.345s] Copying ../../build/safety/safety.egg-info to /home/darkmagician0901/sim_ws/install/safety/lib/python3.10/site-packages/safety-0.0.0-py3.10.egg-info
[1.348s] running install_scripts
[1.374s] Installing safety_node script to /home/darkmagician0901/sim_ws/install/safety/lib/safety
[1.374s] writing list of installed files to '/home/darkmagician0901/sim_ws/build/safety/install.log'
[1.417s] Invoked command in '/home/darkmagician0901/sim_ws/src/safety' returned '0': PS1=(.venv) \[\e]0;\u@\h: \w\a\]${debian_chroot:+($debian_chroot)}\[\033[01;32m\]\u@\h\[\033[00m\]:\[\033[01;34m\]\w\[\033[00m\]\$ PYTHONPATH=/home/darkmagician0901/sim_ws/build/safety/prefix_override:/usr/lib/python3/dist-packages/colcon_core/task/python/colcon_distutils_commands:/home/darkmagician0901/sim_ws/install/safety/lib/python3.10/site-packages:${PYTHONPATH} VIRTUAL_ENV_PROMPT=(.venv) /usr/bin/python3 -W ignore:setup.py install is deprecated -W ignore:easy_install command is deprecated setup.py egg_info --egg-base ../../build/safety build --build-base /home/darkmagician0901/sim_ws/build/safety/build install --record /home/darkmagician0901/sim_ws/build/safety/install.log --install-scripts $base/lib/safety --single-version-externally-managed install_data
